Archive member included because of file (symbol)

/opt/devkitPro/libnds/lib/libnds9.a(console.o)
                              main.o (consoleDemoInit)
/opt/devkitPro/libnds/lib/libnds9.a(initSystem.o)
                              /opt/devkitPro/devkitARM/lib/gcc/arm-eabi/4.3.3/../../../../arm-eabi/lib/thumb/ds_arm9_crt0.o (initSystem)
/opt/devkitPro/libnds/lib/libnds9.a(keys.o)
                              P_controls.o (scanKeys)
/opt/devkitPro/libnds/lib/libnds9.a(sprite.o)
                              P_SpriteAnimation.o (oamMain)
/opt/devkitPro/libnds/lib/libnds9.a(sprite_alloc.o)
                              /opt/devkitPro/libnds/lib/libnds9.a(sprite.o) (oamAllocReset)
/opt/devkitPro/libnds/lib/libnds9.a(system.o)
                              /opt/devkitPro/libnds/lib/libnds9.a(initSystem.o) (powerValueHandler)
/opt/devkitPro/libnds/lib/libnds9.a(touch.o)
                              P_controls.o (touchRead)
/opt/devkitPro/libnds/lib/libnds9.a(trig.o)
                              /opt/devkitPro/libnds/lib/libnds9.a(sprite.o) (sinLerp)
/opt/devkitPro/libnds/lib/libnds9.a(video.o)
                              /opt/devkitPro/libnds/lib/libnds9.a(console.o) (vramSetBankC)
/opt/devkitPro/libnds/lib/libnds9.a(videoGL.o)
                              main.o (glGlobalData)
/opt/devkitPro/libnds/lib/libnds9.a(fifosystem.o)
                              /opt/devkitPro/libnds/lib/libnds9.a(initSystem.o) (fifoSetValue32Handler)
/opt/devkitPro/libnds/lib/libnds9.a(interrupts.o)
                              P_timer.o (irqSet)
/opt/devkitPro/libnds/lib/libnds9.a(dcache.o)
                              /opt/devkitPro/libnds/lib/libnds9.a(sprite.o) (DC_FlushRange)
/opt/devkitPro/libnds/lib/libnds9.a(biosCalls.o)
                              /opt/devkitPro/libnds/lib/libnds9.a(system.o) (swiDelay)
/opt/devkitPro/libnds/lib/libnds9.a(debugprint.o)
                              /opt/devkitPro/libnds/lib/libnds9.a(console.o) (nocashMessage)
/opt/devkitPro/libnds/lib/libnds9.a(interruptDispatcher.o)
                              /opt/devkitPro/libnds/lib/libnds9.a(interrupts.o) (IntrMain)
/opt/devkitPro/libnds/lib/libnds9.a(default_font.bin.o)
                              /opt/devkitPro/libnds/lib/libnds9.a(console.o) (default_font_bin)
/opt/devkitPro/libnds/lib/libnds9.a(background.o)
                              /opt/devkitPro/libnds/lib/libnds9.a(console.o) (bgState)
/opt/devkitPro/libnds/lib/libmm9.a(mm_comms.o)
                              P_Audio.o (mmStart)
/opt/devkitPro/libnds/lib/libmm9.a(mm_main9.o)
                              /opt/devkitPro/libnds/lib/libmm9.a(mm_comms.o) (mmCallback)
/opt/devkitPro/libnds/lib/libmm9.a(mm_memory.o)
                              P_Audio.o (mmLoad)
/opt/devkitPro/libnds/lib/libmm9.a(mm_soundbank.o)
                              /opt/devkitPro/libnds/lib/libmm9.a(mm_main9.o) (mmSoundBankInMemory)
/opt/devkitPro/libnds/lib/libmm9.a(mm_flusher.o)
                              /opt/devkitPro/libnds/lib/libmm9.a(mm_memory.o) (mmFlushBank)
/opt/devkitPro/devkitARM/lib/gcc/arm-eabi/4.3.3/../../../../arm-eabi/lib/thumb/libm.a(lib_a-s_round.o)
                              P_GamePlay.o (round)
/opt/devkitPro/devkitARM/lib/gcc/arm-eabi/4.3.3/thumb/libgcc.a(_divsi3.o)
                              P_SpriteAnimation.o (__aeabi_idiv)
/opt/devkitPro/devkitARM/lib/gcc/arm-eabi/4.3.3/thumb/libgcc.a(_dvmd_tls.o)
                              /opt/devkitPro/devkitARM/lib/gcc/arm-eabi/4.3.3/thumb/libgcc.a(_divsi3.o) (__div0)
/opt/devkitPro/devkitARM/lib/gcc/arm-eabi/4.3.3/thumb/libgcc.a(_addsubdf3.o)
                              P_Physics.o (__aeabi_dsub)
/opt/devkitPro/devkitARM/lib/gcc/arm-eabi/4.3.3/thumb/libgcc.a(_muldivdf3.o)
                              P_GamePlay.o (__aeabi_dmul)
/opt/devkitPro/devkitARM/lib/gcc/arm-eabi/4.3.3/thumb/libgcc.a(_cmpdf2.o)
                              P_Physics.o (__aeabi_dcmplt)
/opt/devkitPro/devkitARM/lib/gcc/arm-eabi/4.3.3/thumb/libgcc.a(_fixdfsi.o)
                              P_GamePlay.o (__aeabi_d2iz)
/opt/devkitPro/devkitARM/lib/gcc/arm-eabi/4.3.3/thumb/libgcc.a(_fixunsdfsi.o)
                              P_TopScreen.o (__aeabi_d2uiz)
/opt/devkitPro/devkitARM/lib/gcc/arm-eabi/4.3.3/thumb/libgcc.a(_truncdfsf2.o)
                              P_GamePlay.o (__aeabi_d2f)
/opt/devkitPro/devkitARM/lib/gcc/arm-eabi/4.3.3/thumb/libgcc.a(_addsubsf3.o)
                              P_GamePlay.o (__aeabi_fsub)
/opt/devkitPro/devkitARM/lib/gcc/arm-eabi/4.3.3/thumb/libgcc.a(_muldivsf3.o)
                              P_GamePlay.o (__aeabi_fdiv)
/opt/devkitPro/devkitARM/lib/gcc/arm-eabi/4.3.3/thumb/libgcc.a(_cmpsf2.o)
                              P_GamePlay.o (__aeabi_fcmpeq)
/opt/devkitPro/devkitARM/lib/gcc/arm-eabi/4.3.3/thumb/libgcc.a(_fixsfsi.o)
                              P_GamePlay.o (__aeabi_f2iz)
/opt/devkitPro/devkitARM/lib/gcc/arm-eabi/4.3.3/thumb/libgcc.a(_muldi3.o)
[...]
Memory Configuration

Name             Origin             Length             Attributes
rom              0x08000000         0x02000000
ewram            0x02000000         0x003ff000
dtcm             0x0b000000         0x00004000
vectors          0x01000000         0x00000100
itcm             0x01000100         0x00007f00
*default*        0x00000000         0xffffffff

Linker script and memory map

                0x01000000                __vectors_start = 0x1000000
                0x01000100                __itcm_start = 0x1000100
                0x023ff000                __ewram_end = 0x23ff000
                0x023ff000                __eheap_end = 0x23ff000
                0x0b000000                __dtcm_start = 0xb000000
                0x0b004000                __dtcm_top = 0xb004000
                0x0b003ff8                __irq_flags = (__dtcm_top - 0x8)
                0x0b003ffc                __irq_vector = (__dtcm_top - 0x4)
                0x0b003f00                __sp_svc = (__dtcm_top - 0x100)
                0x0b003e00                __sp_irq = (__sp_svc - 0x100)
                0x0b003d00                __sp_usr = (__sp_irq - 0x100)

.init           0x02000000      0x30c
                0x02000000                __text_start = .
 *(.init)
 .init          0x02000000      0x300 /opt/devkitPro/devkitARM/lib/gcc/arm-eabi/4.3.3/../../../../arm-eabi/lib/thumb/ds_arm9_crt0.o
                0x02000000                _start
 .init          0x02000300        0x4 /opt/devkitPro/devkitARM/lib/gcc/arm-eabi/4.3.3/thumb/crti.o
                0x02000300                _init
 .init          0x02000304        0x8 /opt/devkitPro/devkitARM/lib/gcc/arm-eabi/4.3.3/thumb/crtn.o
                0x0200030c                . = ALIGN (0x4)

.plt
 *(.plt)

.text           0x02000310    0x1158c
 *(EXCLUDE_FILE(*.itcm*) .text)
 .text          0x02000310        0x0 /opt/devkitPro/devkitARM/lib/gcc/arm-eabi/4.3.3/../../../../arm-eabi/lib/thumb/ds_arm9_crt0.o
 .text          0x02000310        0x0 /opt/devkitPro/devkitARM/lib/gcc/arm-eabi/4.3.3/thumb/crti.o
 .text          0x02000310       0x70 /opt/devkitPro/devkitARM/lib/gcc/arm-eabi/4.3.3/thumb/crtbegin.o
 .text          0x02000380        0x0 soundbank.bin.o
 .text          0x02000380        0x0 BackCastle.o
 .text          0x02000380        0x0 bgBoss1.o
 .text          0x02000380        0x0 bgBoss2.o
 .text          0x02000380        0x0 bgBoss3.o
 .text          0x02000380        0x0 bgCastle1.o
 .text          0x02000380        0x0 bgCastle2.o
 .text          0x02000380        0x0 bgCastle3.o
 .text          0x02000380        0x0 bgCastle.o
 .text          0x02000380        0x0 bgCloud.o
 .text          0x02000380        0x0 bgforest.o
 .text          0x02000380        0x0 bgGameOver.o
 .text          0x02000380        0x0 bghuge.o
 .text          0x02000380        0x0 bgMenu.o
 .text          0x02000380        0x0 BgOn.o
 .text          0x02000380        0x0 bgSky.o
 .text          0x02000380        0x0 bgvictory.o
 .text          0x02000380        0x0 BossScreen.o
 .text          0x02000380        0x0 Button.o
 .text          0x02000380        0x0 buttonQuit.o
 .text          0x02000380        0x0 buttonStart.o
 .text          0x02000380        0x0 capuche1.o
 .text          0x02000380        0x0 capuche2.o
 .text          0x02000380        0x0 capuche3.o
 .text          0x02000380        0x0 capuche4.o
 .text          0x02000380        0x0 capuche_idle10.o
 .text          0x02000380        0x0 capuche_idle11.o
 .text          0x02000380        0x0 capuche_idle12.o
 .text          0x02000380        0x0 capuche_idle13.o
 .text          0x02000380        0x0 capuche_idle1.o
 .text          0x02000380        0x0 capuche_idle2.o
 .text          0x02000380        0x0 capuche_idle3.o
 .text          0x02000380        0x0 capuche_idle4.o
 .text          0x02000380        0x0 capuche_idle5.o
 .text          0x02000380        0x0 capuche_idle6.o
 .text          0x02000380        0x0 capuche_idle7.o
 .text          0x02000380        0x0 capuche_idle8.o
 .text          0x02000380        0x0 capuche_idle9.o
 .text          0x02000380        0x0 capuche_jump1.o
 .text          0x02000380        0x0 capuche_jump2.o
 .text          0x02000380        0x0 capuche_jump3.o
 .text          0x02000380        0x0 capuche_jump4.o
 .text          0x02000380        0x0 capuche_walk10.o
 .text          0x02000380        0x0 capuche_walk11.o
 .text          0x02000380        0x0 capuche_walk12.o
 .text          0x02000380        0x0 capuche_walk13.o
 .text          0x02000380        0x0 capuche_walk14.o
 .text          0x02000380        0x0 capuche_walk15.o
 .text          0x02000380        0x0 capuche_walk16.o
 .text          0x02000380        0x0 capuche_walk1.o
 .text          0x02000380        0x0 capuche_walk2.o
 .text          0x02000380        0x0 capuche_walk3.o
 .text          0x02000380        0x0 capuche_walk4.o
 .text          0x02000380        0x0 capuche_walk5.o
 .text          0x02000380        0x0 capuche_walk6.o
 .text          0x02000380        0x0 capuche_walk7.o
 .text          0x02000380        0x0 capuche_walk8.o
 .text          0x02000380        0x0 capuche_walk9.o
 .text          0x02000380        0x0 CastleScreen.o
 .text          0x02000380        0x0 fire_ball.o
 .text          0x02000380        0x0 ForestScreen.o
 .text          0x02000380        0x0 maskbg1.o
 .text          0x02000380        0x0 QuitOff.o
 .text          0x02000380        0x0 StartOff.o
 .text          0x02000380        0x0 testC2.o
 .text          0x02000380        0x0 testC.o
 .text          0x02000380       0x7c main.o
                0x02000380                main
 .text          0x020003fc      0x12c P_Audio.o
                0x02000494                Audio_PlayMusic
                0x02000464                Audio_PlaySoundEX
                0x020003fc                Audio_Init
 .text          0x02000528      0x134 P_controls.o
                0x020005d0                control_check_sub_button
                0x02000528                control_check_held_keys
 .text          0x0200065c     0x1130 P_GamePlay.o
                0x020010d0                gameplay_updatePosition
                0x020007e0                gameplay_NULL
                0x0200065c                gameplay_init
                0x02000774                gameplay_up
                0x020006cc                gameplay_right
                0x0200075c                gameplay_B
                0x02000840                check_beneath
                0x020008e4                check_side
                0x02000974                parse_occupancy_grid
                0x020007c4                gameplay_no_jump
                0x02000fac                gameplay_boss_updatePosition
                0x02000714                gameplay_left
 .text          0x0200178c      0x1fc P_LevelManager.o
                0x02001814                forest_level
                0x020018bc                boss_level
                0x02001864                castle_level
                0x0200178c                menu
                0x02001838                wait_castle
                0x02001948                level_activity
                0x0200197c                debug
                0x020018f0                gameover
                0x020017e8                wait_forest
                0x0200191c                victory
                0x02001888                wait_boss
                0x020017d0                wait_music
 .text          0x02001988      0x5d0 P_matrix.o
                0x02001a74                create_forest_mask
                0x02001bc0                create_castle_mask
                0x02001988                matrix_add_borders
                0x020019e8                create_boss_mask
 .text          0x02001f58      0x4e8 P_Physics.o
                0x02001f58                position_update
                0x020021b8                acceleration_xPosition_update
                0x020022d4                jumping_yPosition_update
                0x0200237c                falling_yPosition_update
                0x02002090                walking_xPosition_update
                0x020020fc                running_xPosition_update
 .text          0x02002440      0x7e8 P_SpriteAnimation.o
                0x02002c14                sprite_update
                0x020024cc                refresh_character_sprite
                0x02002b78                refresh_sprite_position
                0x02002b54                refresh_ennemy_sprite
                0x02002440                init_sprite_graphic
 .text          0x02002c28      0x13c P_SubScreen.o
                0x02002c28                sub_screen_setup
                0x02002c44                load_sub_background
 .text          0x02002d64      0x11c P_timer.o
                0x02002dd8                init_timer
                0x02002e20                level_transition
                0x02002e74                transition_statue
                0x02002d64                timerISR
 .text          0x02002e80      0x8a8 P_TopScreen.o
                0x02003610                horizontal_scroll_background
                0x02003640                cloud_scroll
                0x0200368c                test_map_scroll
                0x02002e9c                load_background
                0x02002e80                main_screen_setup
 .text          0x02003728      0xa28 /opt/devkitPro/libnds/lib/libnds9.a(console.o)
                0x02003e58                con_write
                0x02003728                consoleGetDefault
                0x02003cac                consoleInit
                0x02003c00                consoleSetFont
                0x02004120                nocash_write
                0x020037dc                consolePrintChar
                0x02003c4c                consoleClear
                0x02003c24                consoleSetWindow
                0x02003730                consoleSelect
                0x02003e1c                consoleDemoInit
                0x02003988                consoleLoadFont
                0x02003c60                consoleDebugInit
 .text          0x02004150       0xec /opt/devkitPro/libnds/lib/libnds9.a(initSystem.o)
                0x02004150                initSystem
 .text          0x0200423c      0x134 /opt/devkitPro/libnds/lib/libnds9.a(keys.o)
                0x020042fc                keysSetRepeat
                0x020042ec                keysDownRepeat
                0x02004338                keysCurrent
                0x020042cc                keysHeld
                0x02004320                keysUp
                0x020042d8                keysDown
                0x0200423c                scanKeys
 .text          0x02004370      0x484 /opt/devkitPro/libnds/lib/libnds9.a(sprite.o)
                0x02004370                oamDisable
                0x020043f8                oamClear
                0x02004624                oamRotateScale
                0x020043c4                oamGetGfxPtr
                0x020043a0                oamEnable
                0x02004420                oamGfxPtrToOffset
                0x02004684                oamUpdate
                0x020046e8                oamInit
                0x02004458                oamSet
 .text          0x020047f4      0x364 /opt/devkitPro/libnds/lib/libnds9.a(sprite_alloc.o)
                0x02004830                oamCountFragments
                0x020047f4                resizeBuffer
                0x0200496c                oamAllocReset
                0x02004810                getAllocHeader
                0x02004958                oamFreeGfx
                0x020049a4                simpleAlloc
                0x02004b20                oamAllocateGfx
                0x0200487c                simpleFree
 .text          0x02004b58       0xf4 /opt/devkitPro/libnds/lib/libnds9.a(system.o)
                0x02004c08                systemMsgHandler
                0x02004ba0                powerOn
                0x02004bf0                powerValueHandler
                0x02004b58                ledBlink
                0x02004bd4                systemSleep
                0x02004b70                powerOff
 .text          0x02004c4c       0x4c /opt/devkitPro/libnds/lib/libnds9.a(touch.o)
                0x02004c4c                touchRead
                0x02004c74                touchReadXY
 .text          0x02004c98      0x264 /opt/devkitPro/libnds/lib/libnds9.a(trig.o)
                0x02004e30                arcSinComp
                0x02004e60                asinLerp
                0x02004df0                tanLerp
                0x02004c98                sinLutLookup
                0x02004da4                tanLutLookup
                0x02004d88                cosLerp
                0x02004ee0                acosLerp
                0x02004ce8                sinLerp
 .text          0x02004efc      0x144 /opt/devkitPro/libnds/lib/libnds9.a(video.o)
                0x02004fb0                vramSetBankF
                0x02004f40                vramRestoreMainBanks
                0x02004fd8                vramSetBankH
                0x02004f88                vramSetBankD
                0x02004f9c                vramSetBankE
                0x02005000                setBrightness
                0x02004fc4                vramSetBankG
                0x02004f60                vramSetBankB
                0x02004f74                vramSetBankC
                0x02004fec                vramSetBankI
                0x02004efc                vramSetMainBanks
                0x02004f4c                vramSetBankA
 .text          0x02005040      0xa94 /opt/devkitPro/libnds/lib/libnds9.a(videoGL.o)
                0x02005188                glTexCoord2f32
                0x020054c4                glTexImage2D
                0x020050fc                glGenTextures
                0x020050cc                glResetTextures
                0x020057e0                glRotatef32i
                0x0200546c                glTexLoadPal
                0x02005214                glTexParameter
                0x02005040                glGetGlobals
                0x02005294                getNextPaletteSlot
                0x020052e8                vramGetBank
                0x02005284                alignVal
                0x0200526c                glGetTexParameter
                0x020054a0                gluTexLoadPal
                0x02005048                glMaterialf
                0x0200513c                glBindTexture
                0x02005244                glGetTexturePointer
                0x020053a8                vramIsTextureBank
                0x0200516c                glColorTable
                0x02005408                getNextTextureSlot
                0x0200563c                glInit_C
 .text          0x02005ad4     0x18b8 /opt/devkitPro/libnds/lib/libnds9.a(fifosystem.o)
                0x02006a70                fifoInternalRecvPopFirst
                0x02005b5c                fifoCheckValue32
                0x02005c6c                fifoCheckDatamsgLength
                0x02006464                fifoGetLostWordCount
                0x020063d4                fifoGetBufferUsage
                0x02007134                fifoSendValue32
                0x02007044                fifoInternalSend
                0x0200613c                fifoGetDatamsg
                0x02005f54                fifoGetValue32
                0x02005d6c                fifoGetAddress
                0x02005cfc                fifoCountDatamsg
                0x020060a4                fifoForceValue32Handler
                0x02005be4                fifoCheckDatamsg
                0x02006a10                fifoInternalRecvPeek
                0x02006f64                fifoInternalAllocFreeBlock
                0x02005f2c                fifoSetAddressHandler
                0x020069d0                fifoInternalProtect
                0x02006318                fifoForceDatamsgHandler
                0x02006e78                fifoInternalSendEnqueue
                0x020070dc                fifoSendDatamsg
                0x02006cb0                fifoInternalSendEmpty
                0x02006dfc                fifoInternalSendInterrupt
                0x0200717c                fifoSendAddress
                0x02006cc0                fifoInternalSendDeque
                0x02006470                fifoInternalRecvInterrupt
                0x02005ad4                fifoCheckAddress
                0x02006fb8                fifoInternalFreeCheck
                0x02006b44                fifoInternalRecvWordCount
                0x02006bc4                fifoInternalRecvPushBack
                0x020069ec                fifoInternalUnprotect
                0x02005ebc                fifoForceAddressHandler
                0x02006114                fifoSetValue32Handler
                0x02006d94                fifoInternalBeginSend
                0x020071b8                fifoInit
                0x020063ac                fifoSetDatamsgHandler
                0x02006f94                fifoInternalFreeBlock
 .text          0x0200738c      0x1a8 /opt/devkitPro/libnds/lib/libnds9.a(interrupts.o)
                0x0200746c                irqEnable
                0x02007390                irqSet
                0x020074b8                irqDisable
                0x020073f0                irqInit
                0x0200738c                irqDummy
                0x0200743c                irqInitHandler
                0x02007504                irqClear
 .text          0x02007534       0x70 /opt/devkitPro/libnds/lib/libnds9.a(dcache.o)
                0x02007534                DC_FlushAll
                0x02007560                DC_FlushRange
                0x02007588                DC_InvalidateRange
                0x0200757c                DC_InvalidateAll
 *fill*         0x020075a4        0xc ff
 .text          0x020075b0       0x70 /opt/devkitPro/libnds/lib/libnds9.a(biosCalls.o)
                0x020075c0                swiSleep
                0x020075fa                swiDecompressLZSSVram
                0x020075e2                swiFastCopy
                0x020075e6                swiSqrt
                0x020075b0                swiSoftReset
                0x020075ea                swiCRC16
                0x020075fe                swiDecompressHuffman
                0x02007616                swiSetHaltCR
                0x020075cc                swiRemainder
                0x020075f2                swiUnpackBits
                0x020075f6                swiDecompressLZSSWram
                0x02007612                swiDecodeDelta16
                0x020075b4                swiDelay
                0x020075d2                swiDivMod
                0x02007606                swiDecompressRLEVram
                0x02007602                swiDecompressRLEWram
                0x0200760e                swiDecodeDelta8
                0x020075c8                swiDivide
                0x020075c4                swiChangeSoundBias
                0x020075bc                swiWaitForVBlank
                0x020075b8                swiIntrWait
                0x020075ee                swiIsDebugger
                0x0200760a                swiWaitForIRQ
                0x020075de                swiCopy
 .text          0x02007620       0x98 /opt/devkitPro/libnds/lib/libnds9.a(debugprint.o)
                0x02007620                nocashMessage
 .text          0x020076b8        0x0 /opt/devkitPro/libnds/lib/libnds9.a(interruptDispatcher.o)
 .text          0x020076b8        0x0 /opt/devkitPro/libnds/lib/libnds9.a(default_font.bin.o)
 .text          0x020076b8      0x320 /opt/devkitPro/libnds/lib/libnds9.a(background.o)
                0x02007714                bgUpdate
                0x02007908                bgInit_call
                0x020076c4                checkIfText
                0x0200780c                bgInitSub_call
                0x020076b8                bgIsText
 .text          0x020079d8      0x240 /opt/devkitPro/libnds/lib/libmm9.a(mm_comms.o)
                0x02007bc6                mmReverbStop
                0x02007af4                mmEffectVolume
                0x02007a5a                mmSetModulePitch
                0x02007a62                mmSelectMode
                0x02007a3a                mmPause
                0x02007a52                mmSetJingleVolume
                0x02007b5e                mmReverbEnable
                0x02007a30                mmStart
                0x02007a5e                mmSetEffectsVolume
                0x02007b16                mmEffectCancel
                0x02007a4a                mmJingle
                0x02007a3e                mmResume
                0x02007a7a                mmStreamEnd
                0x02007a24                mmLockChannels
                0x020079d8                mmSetupComms
                0x02007a2a                mmUnlockChannels
                0x02007afc                mmEffectRate
                0x02007ad0                mmEffect
                0x02007a56                mmSetModuleTempo
                0x02007b10                mmEffectRelease
                0x02007af8                mmEffectPanning
                0x02007a4e                mmSetModuleVolume
                0x02007bc2                mmReverbStart
                0x02007b66                mmReverbConfigure
                0x02007a66                mmStreamBegin
                0x02007a46                mmPosition
                0x02007b62                mmReverbDisable
                0x02007a42                mmStop
                0x02007b1c                mmEffectEx
                0x02007b5a                mmEffectCancelAll
                0x02007b06                mmEffectScaleRate
                0x02007a1a                mmSendBank
 .text          0x02007c18      0x108 /opt/devkitPro/libnds/lib/libmm9.a(mm_main9.o)
                0x02007c4e                mmInitDefault
                0x02007cd8                mmRestoreIRQ_t
                0x02007c98                mmInitDefaultMem
                0x02007cba                mmSuspendIRQ_t
                0x02007c24                mmInit
                0x02007c1e                mmSetEventHandler
                0x02007c18                mmActive
 .text          0x02007d20      0x120 /opt/devkitPro/libnds/lib/libmm9.a(mm_memory.o)
                0x02007d20                mmLoad
                0x02007dc8                mmLoadEffect
                0x02007d70                mmUnload
                0x02007e00                mmUnloadEffect
 .text          0x02007e40      0x100 /opt/devkitPro/libnds/lib/libmm9.a(mm_soundbank.o)
                0x02007e86                mmsHandleFileOp
                0x02007e48                mmSoundBankInFiles
                0x02007e40                mmSoundBankInMemory
                0x02007e5a                mmSetCustomSoundBankHandler
 .text          0x02007f40       0x3c /opt/devkitPro/libnds/lib/libmm9.a(mm_flusher.o)
                0x02007f40                mmFlushBank
 .text          0x02007f7c       0xb0 /opt/devkitPro/devkitARM/lib/gcc/arm-eabi/4.3.3/../../../../arm-eabi/lib/thumb/libm.a(lib_a-s_round.o)
                0x02007f7c                round
 .text          0x0200802c       0xa4 /opt/devkitPro/devkitARM/lib/gcc/arm-eabi/4.3.3/thumb/libgcc.a(_divsi3.o)
                0x0200802c                __aeabi_idiv
                0x0200802c                __divsi3
                0x020080c0                __aeabi_idivmod
 .text          0x020080d0        0x4 /opt/devkitPro/devkitARM/lib/gcc/arm-eabi/4.3.3/thumb/libgcc.a(_dvmd_tls.o)
                0x020080d0                __aeabi_ldiv0
                0x020080d0                __div0
                0x020080d0                __aeabi_idiv0
 .text          0x020080d4      0x41c /opt/devkitPro/devkitARM/lib/gcc/arm-eabi/4.3.3/thumb/libgcc.a(_addsubdf3.o)
                0x02008490                __floatdidf
                0x02008414                __floatsidf
                0x020083f0                __aeabi_ui2d
                0x020080d4                __aeabi_drsub
                0x0200843c                __extendsfdf2
                0x020080e0                __adddf3
                0x020083f0                __floatunsidf
                0x020080e0                __aeabi_dadd
                0x0200847c                __aeabi_ul2d
                0x020080dc                __aeabi_dsub
                0x0200847c                __floatundidf
                0x02008414                __aeabi_i2d
                0x02008490                __aeabi_l2d
                0x0200843c                __aeabi_f2d
                0x020080dc                __subdf3
 .text          0x020084f0      0x49c /opt/devkitPro/devkitARM/lib/gcc/arm-eabi/4.3.3/thumb/libgcc.a(_muldivdf3.o)
                0x02008780                __aeabi_ddiv
                0x020084f0                __aeabi_dmul
                0x02008780                __divdf3
                0x020084f0                __muldf3
 .text          0x0200898c      0x140 /opt/devkitPro/devkitARM/lib/gcc/arm-eabi/4.3.3/thumb/libgcc.a(_cmpdf2.o)
                0x02008a84                __aeabi_dcmple
                0x0200899c                __cmpdf2
                0x0200899c                __eqdf2
                0x0200898c                __gtdf2
                0x02008a3c                __aeabi_cdcmple
                0x02008a20                __aeabi_cdrcmple
                0x02008994                __ltdf2
                0x02008a6c                __aeabi_dcmplt
                0x02008994                __ledf2
                0x02008ab4                __aeabi_dcmpgt
                0x02008a9c                __aeabi_dcmpge
                0x0200899c                __nedf2
                0x02008a54                __aeabi_dcmpeq
                0x02008a3c                __aeabi_cdcmpeq
                0x0200898c                __gedf2
 .text          0x02008acc       0x5c /opt/devkitPro/devkitARM/lib/gcc/arm-eabi/4.3.3/thumb/libgcc.a(_fixdfsi.o)
                0x02008acc                __fixdfsi
                0x02008acc                __aeabi_d2iz
 .text          0x02008b28       0x54 /opt/devkitPro/devkitARM/lib/gcc/arm-eabi/4.3.3/thumb/libgcc.a(_fixunsdfsi.o)
                0x02008b28                __fixunsdfsi
                0x02008b28                __aeabi_d2uiz
 .text          0x02008b7c       0xa0 /opt/devkitPro/devkitARM/lib/gcc/arm-eabi/4.3.3/thumb/libgcc.a(_truncdfsf2.o)
                0x02008b7c                __aeabi_d2f
                0x02008b7c                __truncdfsf2
 .text          0x02008c1c      0x2ac /opt/devkitPro/devkitARM/lib/gcc/arm-eabi/4.3.3/thumb/libgcc.a(_addsubsf3.o)
                0x02008c28                __aeabi_fadd
                0x02008c24                __subsf3
                0x02008dec                __aeabi_i2f
                0x02008c24                __aeabi_fsub
                0x02008e1c                __floatdisf
                0x02008dec                __floatsisf
                0x02008e0c                __floatundisf
                0x02008de4                __aeabi_ui2f
                0x02008e1c                __aeabi_l2f
                0x02008e0c                __aeabi_ul2f
                0x02008c1c                __aeabi_frsub
                0x02008de4                __floatunsisf
                0x02008c28                __addsf3
 .text          0x02008ec8      0x2f8 /opt/devkitPro/devkitARM/lib/gcc/arm-eabi/4.3.3/thumb/libgcc.a(_muldivsf3.o)
                0x02009060                __divsf3
                0x02009060                __aeabi_fdiv
                0x02008ec8                __mulsf3
                0x02008ec8                __aeabi_fmul
 .text          0x020091c0      0x110 /opt/devkitPro/devkitARM/lib/gcc/arm-eabi/4.3.3/thumb/libgcc.a(_cmpsf2.o)
                0x020092b8                __aeabi_fcmpgt
                0x020091c8                __lesf2
                0x020091d0                __nesf2
                0x020092a0                __aeabi_fcmpge
                0x020091c0                __gtsf2
                0x02009288                __aeabi_fcmple
                0x020091d0                __eqsf2
                0x020091d0                __cmpsf2
                0x020091c8                __ltsf2
                0x02009240                __aeabi_cfcmple
                0x020091c0                __gesf2
                0x02009258                __aeabi_fcmpeq
                0x02009230                __aeabi_cfrcmple
                0x02009270                __aeabi_fcmplt
                0x02009240                __aeabi_cfcmpeq
 .text          0x020092d0       0x5c /opt/devkitPro/devkitARM/lib/gcc/arm-eabi/4.3.3/thumb/libgcc.a(_fixsfsi.o)
                0x020092d0                __fixsfsi
                0x020092d0                __aeabi_f2iz
 .text          0x0200932c       0x70 /opt/devkitPro/devkitARM/lib/gcc/arm-eabi/4.3.3/thumb/libgcc.a(_muldi3.o)
                0x0200932c                __aeabi_lmul
                0x0200932c                __muldi3
 .text          0x0200939c       0x5c /opt/devkitPro/devkitARM/lib/gcc/arm-eabi/4.3.3/../../../../arm-eabi/lib/thumb/libg.a(lib_a-bsearch.o)
                0x0200939c                bsearch
 .text          0x020093f8       0xc0 /opt/devkitPro/devkitARM/lib/gcc/arm-eabi/4.3.3/../../../../arm-eabi/lib/thumb/libg.a(lib_a-fclose.o)
                0x020093f8                _fclose_r
                0x0200949c                fclose
 .text          0x020094b8      0x150 /opt/devkitPro/devkitARM/lib/gcc/arm-eabi/4.3.3/../../../../arm-eabi/lib/thumb/libg.a(lib_a-fflush.o)
                0x020095d4                fflush
                0x020094b8                _fflush_r
 .text          0x02009608      0x1f0 /opt/devkitPro/devkitARM/lib/gcc/arm-eabi/4.3.3/../../../../arm-eabi/lib/thumb/libg.a(lib_a-findfp.o)
                0x020096d4                __sinit
                0x02009730                __sfmoreglue
                0x0200966c                _cleanup
                0x02009658                _cleanup_r
                0x0200963c                __fp_lock_all
                0x02009608                __sfp_lock_acquire
                0x02009764                __sfp
                0x02009614                __sinit_lock_release
                0x02009620                __fp_unlock_all
                0x0200960c                __sfp_lock_release
                0x02009610                __sinit_lock_acquire
 .text          0x020097f8       0xa4 /opt/devkitPro/devkitARM/lib/gcc/arm-eabi/4.3.3/../../../../arm-eabi/lib/thumb/libg.a(lib_a-fopen.o)
                0x02009880                fopen
                0x020097f8                _fopen_r
 .text          0x0200989c      0x19c /opt/devkitPro/devkitARM/lib/gcc/arm-eabi/4.3.3/../../../../arm-eabi/lib/thumb/libg.a(lib_a-fread.o)
                0x02009a10                fread
                0x0200989c                _fread_r
 .text          0x02009a38      0x23c /opt/devkitPro/devkitARM/lib/gcc/arm-eabi/4.3.3/../../../../arm-eabi/lib/thumb/libg.a(lib_a-freer.o)
                0x02009ae0                _free_r
                0x02009a38                _malloc_trim_r
 .text          0x02009c74      0x30c /opt/devkitPro/devkitARM/lib/gcc/arm-eabi/4.3.3/../../../../arm-eabi/lib/thumb/libg.a(lib_a-fseek.o)
                0x02009f58                fseek
                0x02009c74                _fseek_r
 .text          0x02009f80       0xc8 /opt/devkitPro/devkitARM/lib/gcc/arm-eabi/4.3.3/../../../../arm-eabi/lib/thumb/libg.a(lib_a-fwalk.o)
                0x02009fe8                _fwalk
                0x02009f80                _fwalk_reent
 .text          0x0200a048        0x0 /opt/devkitPro/devkitARM/lib/gcc/arm-eabi/4.3.3/../../../../arm-eabi/lib/thumb/libg.a(lib_a-impure.o)
 .text          0x0200a048       0x88 /opt/devkitPro/devkitARM/lib/gcc/arm-eabi/4.3.3/../../../../arm-eabi/lib/thumb/libg.a(lib_a-init.o)
                0x0200a078                __libc_init_array
                0x0200a048                __libc_fini_array
 .text          0x0200a0d0       0x3c /opt/devkitPro/devkitARM/lib/gcc/arm-eabi/4.3.3/../../../../arm-eabi/lib/thumb/libg.a(lib_a-iprintf.o)
                0x0200a0d0                _iprintf_r
                0x0200a0e8                iprintf
 .text          0x0200a10c       0xe8 /opt/devkitPro/devkitARM/lib/gcc/arm-eabi/4.3.3/../../../../arm-eabi/lib/thumb/libg.a(lib_a-makebuf.o)
                0x0200a10c                __smakebuf_r
 .text          0x0200a1f4       0x30 /opt/devkitPro/devkitARM/lib/gcc/arm-eabi/4.3.3/../../../../arm-eabi/lib/thumb/libg.a(lib_a-malloc.o)
                0x0200a20c                malloc
                0x0200a1f4                free
 .text          0x0200a224      0x510 /opt/devkitPro/devkitARM/lib/gcc/arm-eabi/4.3.3/../../../../arm-eabi/lib/thumb/libg.a(lib_a-mallocr.o)
                0x0200a224                _malloc_r
 .text          0x0200a734       0x88 /opt/devkitPro/devkitARM/lib/gcc/arm-eabi/4.3.3/../../../../arm-eabi/lib/thumb/libg.a(lib_a-memcpy.o)
                0x0200a734                memcpy
 .text          0x0200a7bc       0xb0 /opt/devkitPro/devkitARM/lib/gcc/arm-eabi/4.3.3/../../../../arm-eabi/lib/thumb/libg.a(lib_a-memset.o)
                0x0200a7bc                memset
 .text          0x0200a86c        0x8 /opt/devkitPro/devkitARM/lib/gcc/arm-eabi/4.3.3/../../../../arm-eabi/lib/thumb/libg.a(lib_a-mlock.o)
                0x0200a870                __malloc_unlock
                0x0200a86c                __malloc_lock
 .text          0x0200a874       0x3c /opt/devkitPro/devkitARM/lib/gcc/arm-eabi/4.3.3/../../../../arm-eabi/lib/thumb/libg.a(lib_a-printf.o)
                0x0200a874                printf
                0x0200a898                _printf_r
 .text          0x0200a8b0       0x88 /opt/devkitPro/devkitARM/lib/gcc/arm-eabi/4.3.3/../../../../arm-eabi/lib/thumb/libg.a(lib_a-puts.o)
                0x0200a8b0                _puts_r
                0x0200a920                puts
 .text          0x0200a938       0x1c /opt/devkitPro/devkitARM/lib/gcc/arm-eabi/4.3.3/../../../../arm-eabi/lib/thumb/libg.a(lib_a-realloc.o)
                0x0200a938                realloc
 .text          0x0200a954      0x340 /opt/devkitPro/devkitARM/lib/gcc/arm-eabi/4.3.3/../../../../arm-eabi/lib/thumb/libg.a(lib_a-reallocr.o)
                0x0200a954                _realloc_r
 .text          0x0200ac94      0x128 /opt/devkitPro/devkitARM/lib/gcc/arm-eabi/4.3.3/../../../../arm-eabi/lib/thumb/libg.a(lib_a-refill.o)
                0x0200ac94                __srefill_r
 .text          0x0200adbc      0x114 /opt/devkitPro/devkitARM/lib/gcc/arm-eabi/4.3.3/../../../../arm-eabi/lib/thumb/libg.a(lib_a-setvbuf.o)
                0x0200adbc                setvbuf
 .text          0x0200aed0       0xa4 /opt/devkitPro/devkitARM/lib/gcc/arm-eabi/4.3.3/../../../../arm-eabi/lib/thumb/libg.a(lib_a-siscanf.o)
                0x0200aed4                _siscanf_r
                0x0200af24                siscanf
 .text          0x0200af74       0xb8 /opt/devkitPro/devkitARM/lib/gcc/arm-eabi/4.3.3/../../../../arm-eabi/lib/thumb/libg.a(lib_a-stdio.o)
                0x0200af88                __sseek
                0x0200affc                __sread
                0x0200af74                __sclose
                0x0200afbc                __swrite
 .text          0x0200b02c       0x60 /opt/devkitPro/devkitARM/lib/gcc/arm-eabi/4.3.3/../../../../arm-eabi/lib/thumb/libg.a(lib_a-strlen.o)
                0x0200b02c                strlen
 .text          0x0200b08c      0x8fc /opt/devkitPro/devkitARM/lib/gcc/arm-eabi/4.3.3/../../../../arm-eabi/lib/thumb/libg.a(lib_a-svfiscanf.o)
                0x0200b160                __ssvfiscanf_r
 .text          0x0200b988      0x1a0 /opt/devkitPro/devkitARM/lib/gcc/arm-eabi/4.3.3/../../../../arm-eabi/lib/thumb/libg.a(lib_a-ungetc.o)
                0x0200bb0c                ungetc
                0x0200b988                __submore
                0x0200ba04                _ungetc_r
 .text          0x0200bb28      0xc44 /opt/devkitPro/devkitARM/lib/gcc/arm-eabi/4.3.3/../../../../arm-eabi/lib/thumb/libg.a(lib_a-vfiprintf.o)
                0x0200c748                vfiprintf
                0x0200bb48                _vfiprintf_r
 *fill*         0x0200c76c        0x4 ff
 .text          0x0200c770     0x16f8 /opt/devkitPro/devkitARM/lib/gcc/arm-eabi/4.3.3/../../../../arm-eabi/lib/thumb/libg.a(lib_a-vfprintf.o)
                0x0200c790                _vfprintf_r
                0x0200de44                vfprintf
 .text          0x0200de68       0x68 /opt/devkitPro/devkitARM/lib/gcc/arm-eabi/4.3.3/../../../../arm-eabi/lib/thumb/libg.a(lib_a-wcrtomb.o)
                0x0200de68                _wcrtomb_r
                0x0200deac                wcrtomb
 .text          0x0200ded0      0x108 /opt/devkitPro/devkitARM/lib/gcc/arm-eabi/4.3.3/../../../../arm-eabi/lib/thumb/libg.a(lib_a-wcsrtombs.o)
                0x0200ded0                _wcsrtombs_r
                0x0200dfb0                wcsrtombs
 .text          0x0200dfd8      0x2c8 /opt/devkitPro/devkitARM/lib/gcc/arm-eabi/4.3.3/../../../../arm-eabi/lib/thumb/libg.a(lib_a-wctomb_r.o)
                0x0200dfd8                _wctomb_r
 .text          0x0200e2a0       0xc8 /opt/devkitPro/devkitARM/lib/gcc/arm-eabi/4.3.3/../../../../arm-eabi/lib/thumb/libg.a(lib_a-wsetup.o)
                0x0200e2a0                __swsetup_r
 .text          0x0200e368        0x0 /opt/devkitPro/devkitARM/lib/gcc/arm-eabi/4.3.3/../../../../arm-eabi/lib/thumb/libg.a(lib_a-ctype_.o)
 .text          0x0200e368      0xf70 /opt/devkitPro/devkitARM/lib/gcc/arm-eabi/4.3.3/../../../../arm-eabi/lib/thumb/libg.a(lib_a-dtoa.o)
                0x0200e4d4                _dtoa_r
 .text          0x0200f2d8       0x7c /opt/devkitPro/devkitARM/lib/gcc/arm-eabi/4.3.3/../../../../arm-eabi/lib/thumb/libg.a(lib_a-flags.o)
                0x0200f2d8                __sflags
 .text          0x0200f354      0x318 /opt/devkitPro/devkitARM/lib/gcc/arm-eabi/4.3.3/../../../../arm-eabi/lib/thumb/libg.a(lib_a-fvwrite.o)
                0x0200f354                __sfvwrite_r
 .text          0x0200f66c       0xec /opt/devkitPro/devkitARM/lib/gcc/arm-eabi/4.3.3/../../../../arm-eabi/lib/thumb/libg.a(lib_a-iswspace.o)
                0x0200f66c                iswspace
 .text          0x0200f758      0x178 /opt/devkitPro/devkitARM/lib/gcc/arm-eabi/4.3.3/../../../../arm-eabi/lib/thumb/libg.a(lib_a-jp2uc.o)
                0x0200f758                __jp2uc
 .text          0x0200f8d0      0x28c /opt/devkitPro/devkitARM/lib/gcc/arm-eabi/4.3.3/../../../../arm-eabi/lib/thumb/libg.a(lib_a-locale.o)
                0x0200f8ec                _setlocale_r
                0x0200f8d0                __locale_charset
                0x0200f8dc                _localeconv_r
                0x0200fb40                setlocale
                0x0200f8e4                localeconv
 .text          0x0200fb5c       0x70 /opt/devkitPro/devkitARM/lib/gcc/arm-eabi/4.3.3/../../../../arm-eabi/lib/thumb/libg.a(lib_a-mbrtowc.o)
                0x0200fba4                mbrtowc
                0x0200fb5c                _mbrtowc_r
 .text          0x0200fbcc      0x69c /opt/devkitPro/devkitARM/lib/gcc/arm-eabi/4.3.3/../../../../arm-eabi/lib/thumb/libg.a(lib_a-mbtowc_r.o)
                0x0200fbcc                _mbtowc_r
 .text          0x02010268       0x8c /opt/devkitPro/devkitARM/lib/gcc/arm-eabi/4.3.3/../../../../arm-eabi/lib/thumb/libg.a(lib_a-memchr.o)
                0x02010268                memchr
 .text          0x020102f4       0xb0 /opt/devkitPro/devkitARM/lib/gcc/arm-eabi/4.3.3/../../../../arm-eabi/lib/thumb/libg.a(lib_a-memmove.o)
                0x020102f4                memmove
 *fill*         0x020103a4        0x4 ff
 .text          0x020103a8      0x9e8 /opt/devkitPro/devkitARM/lib/gcc/arm-eabi/4.3.3/../../../../arm-eabi/lib/thumb/libg.a(lib_a-mprec.o)
                0x02010620                _mprec_log10
                0x020106b0                __any_on
                0x0201070c                _Balloc
                0x020105cc                __ratio
                0x02010b78                __i2b
                0x02010510                __b2d
                0x02010cf0                __s2b
                0x02010480                __mcmp
                0x020103c4                __hi0bits
                0x02010c38                __pow5mult
                0x02010958                __lshift
                0x02010a18                __multiply
                0x02010760                __d2b
                0x02010664                __copybits
                0x020104c4                __ulp
                0x02010834                __mdiff
                0x02010418                __lo0bits
                0x02010b90                __multadd
                0x020103a8                _Bfree
 .text          0x02010d90       0x24 /opt/devkitPro/devkitARM/lib/gcc/arm-eabi/4.3.3/../../../../arm-eabi/lib/thumb/libg.a(lib_a-s_isinfd.o)
                0x02010d90                __isinfd
 .text          0x02010db4       0x1c /opt/devkitPro/devkitARM/lib/gcc/arm-eabi/4.3.3/../../../../arm-eabi/lib/thumb/libg.a(lib_a-s_isnand.o)
                0x02010db4                __isnand
 .text          0x02010dd0       0x78 /opt/devkitPro/devkitARM/lib/gcc/arm-eabi/4.3.3/../../../../arm-eabi/lib/thumb/libg.a(lib_a-sccl.o)
                0x02010dd0                __sccl
 .text          0x02010e48       0x5c /opt/devkitPro/devkitARM/lib/gcc/arm-eabi/4.3.3/../../../../arm-eabi/lib/thumb/libg.a(lib_a-strcmp.o)
                0x02010e48                strcmp
 .text          0x02010ea4       0x48 /opt/devkitPro/devkitARM/lib/gcc/arm-eabi/4.3.3/../../../../arm-eabi/lib/thumb/libg.a(lib_a-strcpy.o)
                0x02010ea4                strcpy
 .text          0x02010eec      0x18c /opt/devkitPro/devkitARM/lib/gcc/arm-eabi/4.3.3/../../../../arm-eabi/lib/thumb/libg.a(lib_a-strtol.o)
                0x02011054                strtol
                0x02010eec                _strtol_r
 .text          0x02011078      0x190 /opt/devkitPro/devkitARM/lib/gcc/arm-eabi/4.3.3/../../../../arm-eabi/lib/thumb/libg.a(lib_a-strtoul.o)
                0x020111e4                strtoul
                0x02011078                _strtoul_r
 .text          0x02011208       0x5c /opt/devkitPro/devkitARM/lib/gcc/arm-eabi/4.3.3/../../../../arm-eabi/lib/thumb/libg.a(lib_a-callocr.o)
                0x02011208                _calloc_r
 .text          0x02011264      0x134 /opt/devkitPro/devkitARM/lib/gcc/arm-eabi/4.3.3/../../../../arm-eabi/lib/thumb/libsysbase.a(iosupport.o)
                0x02011374                RemoveDevice
                0x02011264                setDefaultDevice
                0x02011278                AddDevice
                0x02011354                GetDeviceOpTab
                0x020112f0                FindDevice
 .text          0x02011398       0x54 /opt/devkitPro/devkitARM/lib/gcc/arm-eabi/4.3.3/../../../../arm-eabi/lib/thumb/libsysbase.a(close.o)
                0x02011398                _close_r
 .text          0x020113ec       0x5c /opt/devkitPro/devkitARM/lib/gcc/arm-eabi/4.3.3/../../../../arm-eabi/lib/thumb/libsysbase.a(fstat.o)
                0x020113ec                _fstat_r
 .text          0x02011448        0x4 /opt/devkitPro/devkitARM/lib/gcc/arm-eabi/4.3.3/../../../../arm-eabi/lib/thumb/libsysbase.a(isatty.o)
                0x02011448                _isatty_r
 .text          0x0201144c       0x54 /opt/devkitPro/devkitARM/lib/gcc/arm-eabi/4.3.3/../../../../arm-eabi/lib/thumb/libsysbase.a(lseek.o)
                0x0201144c                _lseek_r
 .text          0x020114a0       0x9c /opt/devkitPro/devkitARM/lib/gcc/arm-eabi/4.3.3/../../../../arm-eabi/lib/thumb/libsysbase.a(open.o)
                0x020114a0                _open_r
 .text          0x0201153c       0x54 /opt/devkitPro/devkitARM/lib/gcc/arm-eabi/4.3.3/../../../../arm-eabi/lib/thumb/libsysbase.a(read.o)
                0x0201153c                _read_r
 .text          0x02011590       0x54 /opt/devkitPro/devkitARM/lib/gcc/arm-eabi/4.3.3/../../../../arm-eabi/lib/thumb/libsysbase.a(sbrk.o)
                0x02011590                _sbrk_r
 .text          0x020115e4       0x4c /opt/devkitPro/devkitARM/lib/gcc/arm-eabi/4.3.3/../../../../arm-eabi/lib/thumb/libsysbase.a(times.o)
                0x020115ec                _gettimeofday_r
                0x020115e4                _times_r
                0x02011618                _times
 .text          0x02011630       0x54 /opt/devkitPro/devkitARM/lib/gcc/arm-eabi/4.3.3/../../../../arm-eabi/lib/thumb/libsysbase.a(write.o)
                0x02011630                _write_r
 .text          0x02011684        0x0 /opt/devkitPro/devkitARM/lib/gcc/arm-eabi/4.3.3/../../../../arm-eabi/lib/thumb/libsysbase.a(malloc_vars.o)
 .text          0x02011684       0x54 /opt/devkitPro/devkitARM/lib/gcc/arm-eabi/4.3.3/../../../../arm-eabi/lib/thumb/libsysbase.a(build_argv.o)
                0x02011684                build_argv
 .text          0x020116d8       0x90 /opt/devkitPro/devkitARM/lib/gcc/arm-eabi/4.3.3/../../../../arm-eabi/lib/thumb/libsysbase.a(handle_manager.o)
                0x02011738                __release_handle
                0x020116f8                __alloc_handle
                0x020116d8                __get_handle
 .text          0x02011768       0x8c /opt/devkitPro/devkitARM/lib/gcc/arm-eabi/4.3.3/thumb/libgcc.a(_udivsi3.o)
                0x02011768                __udivsi3
                0x02011768                __aeabi_uidiv
                0x020117e4                __aeabi_uidivmod
 .text          0x020117f4        0xc /opt/devkitPro/devkitARM/lib/gcc/arm-eabi/4.3.3/../../../../arm-eabi/lib/thumb/libg.a(lib_a-errno.o)
                0x020117f4                __errno
 .text          0x02011800       0x9c /opt/devkitPro/devkitARM/lib/gcc/arm-eabi/4.3.3/../../../../arm-eabi/lib/thumb/libg.a(lib_a-strncmp.o)
                0x02011800                strncmp
 .text          0x0201189c        0x0 /opt/devkitPro/devkitARM/lib/gcc/arm-eabi/4.3.3/thumb/crtend.o
 .text          0x0201189c        0x0 /opt/devkitPro/devkitARM/lib/gcc/arm-eabi/4.3.3/thumb/crtn.o
 *(.text.*)
 *(.stub)
 *(.gnu.warning)
 *(.gnu.linkonce.t*)
 *(.glue_7)
 .glue_7        0x0201189c        0x0 /opt/devkitPro/devkitARM/lib/gcc/arm-eabi/4.3.3/../../../../arm-eabi/lib/thumb/ds_arm9_crt0.o
 .glue_7        0x0201189c        0x0 /opt/devkitPro/devkitARM/lib/gcc/arm-eabi/4.3.3/thumb/crti.o
 .glue_7        0x0201189c        0x0 /opt/devkitPro/devkitARM/lib/gcc/arm-eabi/4.3.3/thumb/crtbegin.o
 .glue_7        0x0201189c        0x0 soundbank.bin.o
 .glue_7        0x0201189c        0x0 BackCastle.o
 .glue_7        0x0201189c        0x0 bgBoss1.o
 .glue_7        0x0201189c        0x0 bgBoss2.o
 .glue_7        0x0201189c        0x0 bgBoss3.o
 .glue_7        0x0201189c        0x0 bgCastle1.o
 .glue_7        0x0201189c        0x0 bgCastle2.o
 .glue_7        0x0201189c        0x0 bgCastle3.o
 .glue_7        0x0201189c        0x0 bgCastle.o
 .glue_7        0x0201189c        0x0 bgCloud.o
 .glue_7        0x0201189c        0x0 bgforest.o
 .glue_7        0x0201189c        0x0 bgGameOver.o
 .glue_7        0x0201189c        0x0 bghuge.o
 .glue_7        0x0201189c        0x0 bgMenu.o
 .glue_7        0x0201189c        0x0 BgOn.o
 .glue_7        0x0201189c        0x0 bgSky.o
 .glue_7        0x0201189c        0x0 bgvictory.o
 .glue_7        0x0201189c        0x0 BossScreen.o
 .glue_7        0x0201189c        0x0 Button.o
 .glue_7        0x0201189c        0x0 buttonQuit.o
 .glue_7        0x0201189c        0x0 buttonStart.o
 .glue_7        0x0201189c        0x0 capuche1.o
 .glue_7        0x0201189c        0x0 capuche2.o
 .glue_7        0x0201189c        0x0 capuche3.o
 .glue_7        0x0201189c        0x0 capuche4.o
 .glue_7        0x0201189c        0x0 capuche_idle10.o
 .glue_7        0x0201189c        0x0 capuche_idle11.o
 .glue_7        0x0201189c        0x0 capuche_idle12.o
 .glue_7        0x0201189c        0x0 capuche_idle13.o
 .glue_7        0x0201189c        0x0 capuche_idle1.o
 .glue_7        0x0201189c        0x0 capuche_idle2.o
 .glue_7        0x0201189c        0x0 capuche_idle3.o
 .glue_7        0x0201189c        0x0 capuche_idle4.o
 .glue_7        0x0201189c        0x0 capuche_idle5.o
 .glue_7        0x0201189c        0x0 capuche_idle6.o
 .glue_7        0x0201189c        0x0 capuche_idle7.o
 .glue_7        0x0201189c        0x0 capuche_idle8.o
 .glue_7        0x0201189c        0x0 capuche_idle9.o
 .glue_7        0x0201189c        0x0 capuche_jump1.o
 .glue_7        0x0201189c        0x0 capuche_jump2.o
 .glue_7        0x0201189c        0x0 capuche_jump3.o
 .glue_7        0x0201189c        0x0 capuche_jump4.o
 .glue_7        0x0201189c        0x0 capuche_walk10.o
 .glue_7        0x0201189c        0x0 capuche_walk11.o
 .glue_7        0x0201189c        0x0 capuche_walk12.o
 .glue_7        0x0201189c        0x0 capuche_walk13.o
 .glue_7        0x0201189c        0x0 capuche_walk14.o
 .glue_7        0x0201189c        0x0 capuche_walk15.o
 .glue_7        0x0201189c        0x0 capuche_walk16.o
 .glue_7        0x0201189c        0x0 capuche_walk1.o
 .glue_7        0x0201189c        0x0 capuche_walk2.o
 .glue_7        0x0201189c        0x0 capuche_walk3.o
 .glue_7        0x0201189c        0x0 capuche_walk4.o
 .glue_7        0x0201189c        0x0 capuche_walk5.o
 .glue_7        0x0201189c        0x0 capuche_walk6.o
 .glue_7        0x0201189c        0x0 capuche_walk7.o
 .glue_7        0x0201189c        0x0 capuche_walk8.o
 .glue_7        0x0201189c        0x0 capuche_walk9.o
 .glue_7        0x0201189c        0x0 CastleScreen.o
 .glue_7        0x0201189c        0x0 fire_ball.o
 .glue_7        0x0201189c        0x0 ForestScreen.o
 .glue_7        0x0201189c        0x0 maskbg1.o
 .glue_7        0x0201189c        0x0 QuitOff.o
 .glue_7        0x0201189c        0x0 StartOff.o
 .glue_7        0x0201189c        0x0 testC2.o
 .glue_7        0x0201189c        0x0 testC.o
 .glue_7        0x0201189c        0x0 main.o
 .glue_7        0x0201189c        0x0 P_Audio.o
 .glue_7        0x0201189c        0x0 P_controls.o
 .glue_7        0x0201189c        0x0 P_GamePlay.o
 .glue_7        0x0201189c        0x0 P_LevelManager.o
 .glue_7        0x0201189c        0x0 P_matrix.o
 .glue_7        0x0201189c        0x0 P_Physics.o
 .glue_7        0x0201189c        0x0 P_SpriteAnimation.o
 .glue_7        0x0201189c        0x0 P_SubScreen.o
 .glue_7        0x0201189c        0x0 P_timer.o
 .glue_7        0x0201189c        0x0 P_TopScreen.o
 .glue_7        0x0201189c        0x0 /opt/devkitPro/libnds/lib/libnds9.a(console.o)
 .glue_7        0x0201189c        0x0 /opt/devkitPro/libnds/lib/libnds9.a(initSystem.o)
 .glue_7        0x0201189c        0x0 /opt/devkitPro/libnds/lib/libnds9.a(keys.o)
 .glue_7        0x0201189c        0x0 /opt/devkitPro/libnds/lib/libnds9.a(sprite.o)
 .glue_7        0x0201189c        0x0 /opt/devkitPro/libnds/lib/libnds9.a(sprite_alloc.o)
 .glue_7        0x0201189c        0x0 /opt/devkitPro/libnds/lib/libnds9.a(system.o)
 .glue_7        0x0201189c        0x0 /opt/devkitPro/libnds/lib/libnds9.a(touch.o)
 .glue_7        0x0201189c        0x0 /opt/devkitPro/libnds/lib/libnds9.a(trig.o)
 .glue_7        0x0201189c        0x0 /opt/devkitPro/libnds/lib/libnds9.a(video.o)
 .glue_7        0x0201189c        0x0 /opt/devkitPro/libnds/lib/libnds9.a(videoGL.o)
 .glue_7        0x0201189c        0x0 /opt/devkitPro/libnds/lib/libnds9.a(fifosystem.o)
 .glue_7        0x0201189c        0x0 /opt/devkitPro/libnds/lib/libnds9.a(interrupts.o)
 .glue_7        0x0201189c        0x0 /opt/devkitPro/libnds/lib/libnds9.a(dcache.o)
 .glue_7        0x0201189c        0x0 /opt/devkitPro/libnds/lib/libnds9.a(biosCalls.o)
 .glue_7        0x0201189c        0x0 /opt/devkitPro/libnds/lib/libnds9.a(debugprint.o)
 .glue_7        0x0201189c        0x0 /opt/devkitPro/libnds/lib/libnds9.a(interruptDispatcher.o)
 .glue_7        0x0201189c        0x0 /opt/devkitPro/libnds/lib/libnds9.a(default_font.bin.o)
 .glue_7        0x0201189c        0x0 /opt/devkitPro/libnds/lib/libnds9.a(background.o)
 .glue_7        0x0201189c        0x0 /opt/devkitPro/libnds/lib/libmm9.a(mm_comms.o)
 .glue_7        0x0201189c        0x0 /opt/devkitPro/libnds/lib/libmm9.a(mm_main9.o)
 .glue_7        0x0201189c        0x0 /opt/devkitPro/libnds/lib/libmm9.a(mm_memory.o)
 .glue_7        0x0201189c        0x0 /opt/devkitPro/libnds/lib/libmm9.a(mm_soundbank.o)
 .glue_7        0x0201189c        0x0 /opt/devkitPro/libnds/lib/libmm9.a(mm_flusher.o)
 .glue_7        0x0201189c        0x0 /opt/devkitPro/devkitARM/lib/gcc/arm-eabi/4.3.3/../../../../arm-eabi/lib/thumb/libm.a(lib_a-s_round.o)
 .glue_7        0x0201189c        0x0 /opt/devkitPro/devkitARM/lib/gcc/arm-eabi/4.3.3/thumb/libgcc.a(_divsi3.o)
 .glue_7        0x0201189c        0x0 /opt/devkitPro/devkitARM/lib/gcc/arm-eabi/4.3.3/thumb/libgcc.a(_dvmd_tls.o)
 .glue_7        0x0201189c        0x0 /opt/devkitPro/devkitARM/lib/gcc/arm-eabi/4.3.3/thumb/libgcc.a(_addsubdf3.o)
 .glue_7        0x0201189c        0x0 /opt/devkitPro/devkitARM/lib/gcc/arm-eabi/4.3.3/thumb/libgcc.a(_muldivdf3.o)
 .glue_7        0x0201189c        0x0 /opt/devkitPro/devkitARM/lib/gcc/arm-eabi/4.3.3/thumb/libgcc.a(_cmpdf2.o)
 .glue_7        0x0201189c        0x0 /opt/devkitPro/devkitARM/lib/gcc/arm-eabi/4.3.3/thumb/libgcc.a(_fixdfsi.o)
 .glue_7        0x0201189c        0x0 /opt/devkitPro/devkitARM/lib/gcc/arm-eabi/4.3.3/thumb/libgcc.a(_fixunsdfsi.o)
 .glue_7        0x0201189c        0x0 /opt/devkitPro/devkitARM/lib/gcc/arm-eabi/4.3.3/thumb/libgcc.a(_truncdfsf2.o)
 .glue_7        0x0201189c        0x0 /opt/devkitPro/devkitARM/lib/gcc/arm-eabi/4.3.3/thumb/libgcc.a(_addsubsf3.o)
 .glue_7        0x0201189c        0x0 /opt/devkitPro/devkitARM/lib/gcc/arm-eabi/4.3.3/thumb/libgcc.a(_muldivsf3.o)
 .glue_7        0x0201189c        0x0 /opt/devkitPro/devkitARM/lib/gcc/arm-eabi/4.3.3/thumb/libgcc.a(_cmpsf2.o)
 .glue_7        0x0201189c        0x0 /opt/devkitPro/devkitARM/lib/gcc/arm-eabi/4.3.3/thumb/libgcc.a(_fixsfsi.o)
 .glue_7        0x0201189c        0x0 /opt/devkitPro/devkitARM/lib/gcc/arm-eabi/4.3.3/thumb/libgcc.a(_muldi3.o)
 .glue_7        0x0201189c        0x0 /opt/devkitPro/devkitARM/lib/gcc/arm-eabi/4.3.3/../../../../arm-eabi/lib/thumb/libg.a(lib_a-bsearch.o)
 .glue_7        0x0201189c        0x0 /opt/devkitPro/devkitARM/lib/gcc/arm-eabi/4.3.3/../../../../arm-eabi/lib/thumb/libg.a(lib_a-fclose.o)
 .glue_7        0x0201189c        0x0 /opt/devkitPro/devkitARM/lib/gcc/arm-eabi/4.3.3/../../../../arm-eabi/lib/thumb/libg.a(lib_a-fflush.o)
 .glue_7        0x0201189c        0x0 /opt/devkitPro/devkitARM/lib/gcc/arm-eabi/4.3.3/../../../../arm-eabi/lib/thumb/libg.a(lib_a-findfp.o)
 .glue_7        0x0201189c        0x0 /opt/devkitPro/devkitARM/lib/gcc/arm-eabi/4.3.3/../../../../arm-eabi/lib/thumb/libg.a(lib_a-fopen.o)
 .glue_7        0x0201189c        0x0 /opt/devkitPro/devkitARM/lib/gcc/arm-eabi/4.3.3/../../../../arm-eabi/lib/thumb/libg.a(lib_a-fread.o)
 .glue_7        0x0201189c        0x0 /opt/devkitPro/devkitARM/lib/gcc/arm-eabi/4.3.3/../../../../arm-eabi/lib/thumb/libg.a(lib_a-freer.o)
 .glue_7        0x0201189c        0x0 /opt/devkitPro/devkitARM/lib/gcc/arm-eabi/4.3.3/../../../../arm-eabi/lib/thumb/libg.a(lib_a-fseek.o)
 .glue_7        0x0201189c        0x0 /opt/devkitPro/devkitARM/lib/gcc/arm-eabi/4.3.3/../../../../arm-eabi/lib/thumb/libg.a(lib_a-fwalk.o)
 .glue_7        0x0201189c        0x0 /opt/devkitPro/devkitARM/lib/gcc/arm-eabi/4.3.3/../../../../arm-eabi/lib/thumb/libg.a(lib_a-impure.o)
 .glue_7        0x0201189c        0x0 /opt/devkitPro/devkitARM/lib/gcc/arm-eabi/4.3.3/../../../../arm-eabi/lib/thumb/libg.a(lib_a-init.o)
 .glue_7        0x0201189c        0x0 /opt/devkitPro/devkitARM/lib/gcc/arm-eabi/4.3.3/../../../../arm-eabi/lib/thumb/libg.a(lib_a-iprintf.o)
 .glue_7        0x0201189c        0x0 /opt/devkitPro/devkitARM/lib/gcc/arm-eabi/4.3.3/../../../../arm-eabi/lib/thumb/libg.a(lib_a-makebuf.o)
 .glue_7        0x0201189c        0x0 /opt/devkitPro/devkitARM/lib/gcc/arm-eabi/4.3.3/../../../../arm-eabi/lib/thumb/libg.a(lib_a-malloc.o)
 .glue_7        0x0201189c        0x0 /opt/devkitPro/devkitARM/lib/gcc/arm-eabi/4.3.3/../../../../arm-eabi/lib/thumb/libg.a(lib_a-mallocr.o)
 .glue_7        0x0201189c        0x0 /opt/devkitPro/devkitARM/lib/gcc/arm-eabi/4.3.3/../../../../arm-eabi/lib/thumb/libg.a(lib_a-memcpy.o)
 .glue_7        0x0201189c        0x0 /opt/devkitPro/devkitARM/lib/gcc/arm-eabi/4.3.3/../../../../arm-eabi/lib/thumb/libg.a(lib_a-memset.o)
 .glue_7        0x0201189c        0x0 /opt/devkitPro/devkitARM/lib/gcc/arm-eabi/4.3.3/../../../../arm-eabi/lib/thumb/libg.a(lib_a-mlock.o)
 .glue_7        0x0201189c        0x0 /opt/devkitPro/devkitARM/lib/gcc/arm-eabi/4.3.3/../../../../arm-eabi/lib/thumb/libg.a(lib_a-printf.o)
 .glue_7        0x0201189c        0x0 /opt/devkitPro/devkitARM/lib/gcc/arm-eabi/4.3.3/../../../../arm-eabi/lib/thumb/libg.a(lib_a-puts.o)
 .glue_7        0x0201189c        0x0 /opt/devkitPro/devkitARM/lib/gcc/arm-eabi/4.3.3/../../../../arm-eabi/lib/thumb/libg.a(lib_a-realloc.o)
 .glue_7        0x0201189c        0x0 /opt/devkitPro/devkitARM/lib/gcc/arm-eabi/4.3.3/../../../../arm-eabi/lib/thumb/libg.a(lib_a-reallocr.o)
 .glue_7        0x0201189c        0x0 /opt/devkitPro/devkitARM/lib/gcc/arm-eabi/4.3.3/../../../../arm-eabi/lib/thumb/libg.a(lib_a-refill.o)
 .glue_7        0x0201189c        0x0 /opt/devkitPro/devkitARM/lib/gcc/arm-eabi/4.3.3/../../../../arm-eabi/lib/thumb/libg.a(lib_a-setvbuf.o)
 .glue_7        0x0201189c        0x0 /opt/devkitPro/devkitARM/lib/gcc/arm-eabi/4.3.3/../../../../arm-eabi/lib/thumb/libg.a(lib_a-siscanf.o)
 .glue_7        0x0201189c        0x0 /opt/devkitPro/devkitARM/lib/gcc/arm-eabi/4.3.3/../../../../arm-eabi/lib/thumb/libg.a(lib_a-stdio.o)
 .glue_7        0x0201189c        0x0 /opt/devkitPro/devkitARM/lib/gcc/arm-eabi/4.3.3/../../../../arm-eabi/lib/thumb/libg.a(lib_a-strlen.o)
 .glue_7        0x0201189c        0x0 /opt/devkitPro/devkitARM/lib/gcc/arm-eabi/4.3.3/../../../../arm-eabi/lib/thumb/libg.a(lib_a-svfiscanf.o)
 .glue_7        0x0201189c        0x0 /opt/devkitPro/devkitARM/lib/gcc/arm-eabi/4.3.3/../../../../arm-eabi/lib/thumb/libg.a(lib_a-ungetc.o)
 .glue_7        0x0201189c        0x0 /opt/devkitPro/devkitARM/lib/gcc/arm-eabi/4.3.3/../../../../arm-eabi/lib/thumb/libg.a(lib_a-vfiprintf.o)
 .glue_7        0x0201189c        0x0 /opt/devkitPro/devkitARM/lib/gcc/arm-eabi/4.3.3/../../../../arm-eabi/lib/thumb/libg.a(lib_a-vfprintf.o)
 .glue_7        0x0201189c        0x0 /opt/devkitPro/devkitARM/lib/gcc/arm-eabi/4.3.3/../../../../arm-eabi/lib/thumb/libg.a(lib_a-wcrtomb.o)
 .glue_7        0x0201189c        0x0 /opt/devkitPro/devkitARM/lib/gcc/arm-eabi/4.3.3/../../../../arm-eabi/lib/thumb/libg.a(lib_a-wcsrtombs.o)
 .glue_7        0x0201189c        0x0 /opt/devkitPro/devkitARM/lib/gcc/arm-eabi/4.3.3/../../../../arm-eabi/lib/thumb/libg.a(lib_a-wctomb_r.o)
 .glue_7        0x0201189c        0x0 /opt/devkitPro/devkitARM/lib/gcc/arm-eabi/4.3.3/../../../../arm-eabi/lib/thumb/libg.a(lib_a-wsetup.o)
 .glue_7        0x0201189c        0x0 /opt/devkitPro/devkitARM/lib/gcc/arm-eabi/4.3.3/../../../../arm-eabi/lib/thumb/libg.a(lib_a-ctype_.o)
 .glue_7        0x0201189c        0x0 /opt/devkitPro/devkitARM/lib/gcc/arm-eabi/4.3.3/../../../../arm-eabi/lib/thumb/libg.a(lib_a-dtoa.o)
 .glue_7        0x0201189c        0x0 /opt/devkitPro/devkitARM/lib/gcc/arm-eabi/4.3.3/../../../../arm-eabi/lib/thumb/libg.a(lib_a-flags.o)
 .glue_7        0x0201189c        0x0 /opt/devkitPro/devkitARM/lib/gcc/arm-eabi/4.3.3/../../../../arm-eabi/lib/thumb/libg.a(lib_a-fvwrite.o)
 .glue_7        0x0201189c        0x0 /opt/devkitPro/devkitARM/lib/gcc/arm-eabi/4.3.3/../../../../arm-eabi/lib/thumb/libg.a(lib_a-iswspace.o)
 .glue_7        0x0201189c        0x0 /opt/devkitPro/devkitARM/lib/gcc/arm-eabi/4.3.3/../../../../arm-eabi/lib/thumb/libg.a(lib_a-jp2uc.o)
 .glue_7        0x0201189c        0x0 /opt/devkitPro/devkitARM/lib/gcc/arm-eabi/4.3.3/../../../../arm-eabi/lib/thumb/libg.a(lib_a-locale.o)
 .glue_7        0x0201189c        0x0 /opt/devkitPro/devkitARM/lib/gcc/arm-eabi/4.3.3/../../../../arm-eabi/lib/thumb/libg.a(lib_a-mbrtowc.o)
 .glue_7        0x0201189c        0x0 /opt/devkitPro/devkitARM/lib/gcc/arm-eabi/4.3.3/../../../../arm-eabi/lib/thumb/libg.a(lib_a-mbtowc_r.o)
 .glue_7        0x0201189c        0x0 /opt/devkitPro/devkitARM/lib/gcc/arm-eabi/4.3.3/../../../../arm-eabi/lib/thumb/libg.a(lib_a-memchr.o)
 .glue_7        0x0201189c        0x0 /opt/devkitPro/devkitARM/lib/gcc/arm-eabi/4.3.3/../../../../arm-eabi/lib/thumb/libg.a(lib_a-memmove.o)
 .glue_7        0x0201189c        0x0 /opt/devkitPro/devkitARM/lib/gcc/arm-eabi/4.3.3/../../../../arm-eabi/lib/thumb/libg.a(lib_a-mprec.o)
 .glue_7        0x0201189c        0x0 /opt/devkitPro/devkitARM/lib/gcc/arm-eabi/4.3.3/../../../../arm-eabi/lib/thumb/libg.a(lib_a-s_isinfd.o)
 .glue_7        0x0201189c        0x0 /opt/devkitPro/devkitARM/lib/gcc/arm-eabi/4.3.3/../../../../arm-eabi/lib/thumb/libg.a(lib_a-s_isnand.o)
 .glue_7        0x0201189c        0x0 /opt/devkitPro/devkitARM/lib/gcc/arm-eabi/4.3.3/../../../../arm-eabi/lib/thumb/libg.a(lib_a-sccl.o)
 .glue_7        0x0201189c        0x0 /opt/devkitPro/devkitARM/lib/gcc/arm-eabi/4.3.3/../../../../arm-eabi/lib/thumb/libg.a(lib_a-strcmp.o)
 .glue_7        0x0201189c        0x0 /opt/devkitPro/devkitARM/lib/gcc/arm-eabi/4.3.3/../../../../arm-eabi/lib/thumb/libg.a(lib_a-strcpy.o)
 .glue_7        0x0201189c        0x0 /opt/devkitPro/devkitARM/lib/gcc/arm-eabi/4.3.3/../../../../arm-eabi/lib/thumb/libg.a(lib_a-strtol.o)
 .glue_7        0x0201189c        0x0 /opt/devkitPro/devkitARM/lib/gcc/arm-eabi/4.3.3/../../../../arm-eabi/lib/thumb/libg.a(lib_a-strtoul.o)
 .glue_7        0x0201189c        0x0 /opt/devkitPro/devkitARM/lib/gcc/arm-eabi/4.3.3/../../../../arm-eabi/lib/thumb/libg.a(lib_a-callocr.o)
 .glue_7        0x0201189c        0x0 /opt/devkitPro/devkitARM/lib/gcc/arm-eabi/4.3.3/../../../../arm-eabi/lib/thumb/libsysbase.a(iosupport.o)
 .glue_7        0x0201189c        0x0 /opt/devkitPro/devkitARM/lib/gcc/arm-eabi/4.3.3/../../../../arm-eabi/lib/thumb/libsysbase.a(close.o)
 .glue_7        0x0201189c        0x0 /opt/devkitPro/devkitARM/lib/gcc/arm-eabi/4.3.3/../../../../arm-eabi/lib/thumb/libsysbase.a(fstat.o)
 .glue_7        0x0201189c        0x0 /opt/devkitPro/devkitARM/lib/gcc/arm-eabi/4.3.3/../../../../arm-eabi/lib/thumb/libsysbase.a(isatty.o)
 .glue_7        0x0201189c        0x0 /opt/devkitPro/devkitARM/lib/gcc/arm-eabi/4.3.3/../../../../arm-eabi/lib/thumb/libsysbase.a(lseek.o)
 .glue_7        0x0201189c        0x0 /opt/devkitPro/devkitARM/lib/gcc/arm-eabi/4.3.3/../../../../arm-eabi/lib/thumb/libsysbase.a(open.o)
 .glue_7        0x0201189c        0x0 /opt/devkitPro/devkitARM/lib/gcc/arm-eabi/4.3.3/../../../../arm-eabi/lib/thumb/libsysbase.a(read.o)
 .glue_7        0x0201189c        0x0 /opt/devkitPro/devkitARM/lib/gcc/arm-eabi/4.3.3/../../../../arm-eabi/lib/thumb/libsysbase.a(sbrk.o)
 .glue_7        0x0201189c        0x0 /opt/devkitPro/devkitARM/lib/gcc/arm-eabi/4.3.3/../../../../arm-eabi/lib/thumb/libsysbase.a(times.o)
 .glue_7        0x0201189c        0x0 /opt/devkitPro/devkitARM/lib/gcc/arm-eabi/4.3.3/../../../../arm-eabi/lib/thumb/libsysbase.a(write.o)
 .glue_7        0x0201189c        0x0 /opt/devkitPro/devkitARM/lib/gcc/arm-eabi/4.3.3/../../../../arm-eabi/lib/thumb/libsysbase.a(malloc_vars.o)
 .glue_7        0x0201189c        0x0 /opt/devkitPro/devkitARM/lib/gcc/arm-eabi/4.3.3/../../../../arm-eabi/lib/thumb/libsysbase.a(build_argv.o)
 .glue_7        0x0201189c        0x0 /opt/devkitPro/devkitARM/lib/gcc/arm-eabi/4.3.3/../../../../arm-eabi/lib/thumb/libsysbase.a(handle_manager.o)
 .glue_7        0x0201189c        0x0 /opt/devkitPro/devkitARM/lib/gcc/arm-eabi/4.3.3/thumb/libgcc.a(_udivsi3.o)
 .glue_7        0x0201189c        0x0 /opt/devkitPro/devkitARM/lib/gcc/arm-eabi/4.3.3/../../../../arm-eabi/lib/thumb/libg.a(lib_a-errno.o)
 .glue_7        0x0201189c        0x0 /opt/devkitPro/devkitARM/lib/gcc/arm-eabi/4.3.3/../../../../arm-eabi/lib/thumb/libg.a(lib_a-strncmp.o)
 .glue_7        0x0201189c        0x0 /opt/devkitPro/devkitARM/lib/gcc/arm-eabi/4.3.3/thumb/crtend.o
 .glue_7        0x0201189c        0x0 /opt/devkitPro/devkitARM/lib/gcc/arm-eabi/4.3.3/thumb/crtn.o
 *(.glue_7t)
 .glue_7t       0x0201189c        0x0 /opt/devkitPro/devkitARM/lib/gcc/arm-eabi/4.3.3/../../../../arm-eabi/lib/thumb/ds_arm9_crt0.o
 .glue_7t       0x0201189c        0x0 /opt/devkitPro/devkitARM/lib/gcc/arm-eabi/4.3.3/thumb/crti.o
 .glue_7t       0x0201189c        0x0 /opt/devkitPro/devkitARM/lib/gcc/arm-eabi/4.3.3/thumb/crtbegin.o
 .glue_7t       0x0201189c        0x0 soundbank.bin.o
 .glue_7t       0x0201189c        0x0 BackCastle.o
 .glue_7t       0x0201189c        0x0 bgBoss1.o
 .glue_7t       0x0201189c        0x0 bgBoss2.o
 .glue_7t       0x0201189c        0x0 bgBoss3.o
 .glue_7t       0x0201189c        0x0 bgCastle1.o
 .glue_7t       0x0201189c        0x0 bgCastle2.o
 .glue_7t       0x0201189c        0x0 bgCastle3.o
 .glue_7t       0x0201189c        0x0 bgCastle.o
 .glue_7t       0x0201189c        0x0 bgCloud.o
 .glue_7t       0x0201189c        0x0 bgforest.o
 .glue_7t       0x0201189c        0x0 bgGameOver.o
 .glue_7t       0x0201189c        0x0 bghuge.o
 .glue_7t       0x0201189c        0x0 bgMenu.o
 .glue_7t       0x0201189c        0x0 BgOn.o
 .glue_7t       0x0201189c        0x0 bgSky.o
 .glue_7t       0x0201189c        0x0 bgvictory.o
 .glue_7t       0x0201189c        0x0 BossScreen.o
 .glue_7t       0x0201189c        0x0 Button.o
 .glue_7t       0x0201189c        0x0 buttonQuit.o
 .glue_7t       0x0201189c        0x0 buttonStart.o
 .glue_7t       0x0201189c        0x0 capuche1.o
 .glue_7t       0x0201189c        0x0 capuche2.o
 .glue_7t       0x0201189c        0x0 capuche3.o
 .glue_7t       0x0201189c        0x0 capuche4.o
 .glue_7t       0x0201189c        0x0 capuche_idle10.o
 .glue_7t       0x0201189c        0x0 capuche_idle11.o
 .glue_7t       0x0201189c        0x0 capuche_idle12.o
 .glue_7t       0x0201189c        0x0 capuche_idle13.o
 .glue_7t       0x0201189c        0x0 capuche_idle1.o
 .glue_7t       0x0201189c        0x0 capuche_idle2.o
 .glue_7t       0x0201189c        0x0 capuche_idle3.o
 .glue_7t       0x0201189c        0x0 capuche_idle4.o
 .glue_7t       0x0201189c        0x0 capuche_idle5.o
 .glue_7t       0x0201189c        0x0 capuche_idle6.o
 .glue_7t       0x0201189c        0x0 capuche_idle7.o
 .glue_7t       0x0201189c        0x0 capuche_idle8.o
 .glue_7t       0x0201189c        0x0 capuche_idle9.o
 .glue_7t       0x0201189c        0x0 capuche_jump1.o
 .glue_7t       0x0201189c        0x0 capuche_jump2.o
 .glue_7t       0x0201189c        0x0 capuche_jump3.o
 .glue_7t       0x0201189c        0x0 capuche_jump4.o
 .glue_7t       0x0201189c        0x0 capuche_walk10.o
 .glue_7t       0x0201189c        0x0 capuche_walk11.o
 .glue_7t       0x0201189c        0x0 capuche_walk12.o
 .glue_7t       0x0201189c        0x0 capuche_walk13.o
 .glue_7t       0x0201189c        0x0 capuche_walk14.o
 .glue_7t       0x0201189c        0x0 capuche_walk15.o
 .glue_7t       0x0201189c        0x0 capuche_walk16.o
 .glue_7t       0x0201189c        0x0 capuche_walk1.o
 .glue_7t       0x0201189c        0x0 capuche_walk2.o
 .glue_7t       0x0201189c        0x0 capuche_walk3.o
 .glue_7t       0x0201189c        0x0 capuche_walk4.o
 .glue_7t       0x0201189c        0x0 capuche_walk5.o
 .glue_7t       0x0201189c        0x0 capuche_walk6.o
 .glue_7t       0x0201189c        0x0 capuche_walk7.o
 .glue_7t       0x0201189c        0x0 capuche_walk8.o
 .glue_7t       0x0201189c        0x0 capuche_walk9.o
 .glue_7t       0x0201189c        0x0 CastleScreen.o
 .glue_7t       0x0201189c        0x0 fire_ball.o
 .glue_7t       0x0201189c        0x0 ForestScreen.o
 .glue_7t       0x0201189c        0x0 maskbg1.o
 .glue_7t       0x0201189c        0x0 QuitOff.o
 .glue_7t       0x0201189c        0x0 StartOff.o
 .glue_7t       0x0201189c        0x0 testC2.o
 .glue_7t       0x0201189c        0x0 testC.o
 .glue_7t       0x0201189c        0x0 main.o
 .glue_7t       0x0201189c        0x0 P_Audio.o
 .glue_7t       0x0201189c        0x0 P_controls.o
 .glue_7t       0x0201189c        0x0 P_GamePlay.o
 .glue_7t       0x0201189c        0x0 P_LevelManager.o
 .glue_7t       0x0201189c        0x0 P_matrix.o
 .glue_7t       0x0201189c        0x0 P_Physics.o
 .glue_7t       0x0201189c        0x0 P_SpriteAnimation.o
 .glue_7t       0x0201189c        0x0 P_SubScreen.o
 .glue_7t       0x0201189c        0x0 P_timer.o
 .glue_7t       0x0201189c        0x0 P_TopScreen.o
 .glue_7t       0x0201189c        0x0 /opt/devkitPro/libnds/lib/libnds9.a(console.o)
 .glue_7t       0x0201189c        0x0 /opt/devkitPro/libnds/lib/libnds9.a(initSystem.o)
 .glue_7t       0x0201189c        0x0 /opt/devkitPro/libnds/lib/libnds9.a(keys.o)
 .glue_7t       0x0201189c        0x0 /opt/devkitPro/libnds/lib/libnds9.a(sprite.o)
 .glue_7t       0x0201189c        0x0 /opt/devkitPro/libnds/lib/libnds9.a(sprite_alloc.o)
 .glue_7t       0x0201189c        0x0 /opt/devkitPro/libnds/lib/libnds9.a(system.o)
 .glue_7t       0x0201189c        0x0 /opt/devkitPro/libnds/lib/libnds9.a(touch.o)
 .glue_7t       0x0201189c        0x0 /opt/devkitPro/libnds/lib/libnds9.a(trig.o)
 .glue_7t       0x0201189c        0x0 /opt/devkitPro/libnds/lib/libnds9.a(video.o)
 .glue_7t       0x0201189c        0x0 /opt/devkitPro/libnds/lib/libnds9.a(videoGL.o)
 .glue_7t       0x0201189c        0x0 /opt/devkitPro/libnds/lib/libnds9.a(fifosystem.o)
 .glue_7t       0x0201189c        0x0 /opt/devkitPro/libnds/lib/libnds9.a(interrupts.o)
 .glue_7t       0x0201189c        0x0 /opt/devkitPro/libnds/lib/libnds9.a(dcache.o)
 .glue_7t       0x0201189c        0x0 /opt/devkitPro/libnds/lib/libnds9.a(biosCalls.o)
 .glue_7t       0x0201189c        0x0 /opt/devkitPro/libnds/lib/libnds9.a(debugprint.o)
 .glue_7t       0x0201189c        0x0 /opt/devkitPro/libnds/lib/libnds9.a(interruptDispatcher.o)
 .glue_7t       0x0201189c        0x0 /opt/devkitPro/libnds/lib/libnds9.a(default_font.bin.o)
 .glue_7t       0x0201189c        0x0 /opt/devkitPro/libnds/lib/libnds9.a(background.o)
 .glue_7t       0x0201189c        0x0 /opt/devkitPro/libnds/lib/libmm9.a(mm_comms.o)
 .glue_7t       0x0201189c        0x0 /opt/devkitPro/libnds/lib/libmm9.a(mm_main9.o)
 .glue_7t       0x0201189c        0x0 /opt/devkitPro/libnds/lib/libmm9.a(mm_memory.o)
 .glue_7t       0x0201189c        0x0 /opt/devkitPro/libnds/lib/libmm9.a(mm_soundbank.o)
 .glue_7t       0x0201189c        0x0 /opt/devkitPro/libnds/lib/libmm9.a(mm_flusher.o)
 .glue_7t       0x0201189c        0x0 /opt/devkitPro/devkitARM/lib/gcc/arm-eabi/4.3.3/../../../../arm-eabi/lib/thumb/libm.a(lib_a-s_round.o)
 .glue_7t       0x0201189c        0x0 /opt/devkitPro/devkitARM/lib/gcc/arm-eabi/4.3.3/thumb/libgcc.a(_divsi3.o)
 .glue_7t       0x0201189c        0x0 /opt/devkitPro/devkitARM/lib/gcc/arm-eabi/4.3.3/thumb/libgcc.a(_dvmd_tls.o)
 .glue_7t       0x0201189c        0x0 /opt/devkitPro/devkitARM/lib/gcc/arm-eabi/4.3.3/thumb/libgcc.a(_addsubdf3.o)
 .glue_7t       0x0201189c        0x0 /opt/devkitPro/devkitARM/lib/gcc/arm-eabi/4.3.3/thumb/libgcc.a(_muldivdf3.o)
 .glue_7t       0x0201189c        0x0 /opt/devkitPro/devkitARM/lib/gcc/arm-eabi/4.3.3/thumb/libgcc.a(_cmpdf2.o)
 .glue_7t       0x0201189c        0x0 /opt/devkitPro/devkitARM/lib/gcc/arm-eabi/4.3.3/thumb/libgcc.a(_fixdfsi.o)
 .glue_7t       0x0201189c        0x0 /opt/devkitPro/devkitARM/lib/gcc/arm-eabi/4.3.3/thumb/libgcc.a(_fixunsdfsi.o)
 .glue_7t       0x0201189c        0x0 /opt/devkitPro/devkitARM/lib/gcc/arm-eabi/4.3.3/thumb/libgcc.a(_truncdfsf2.o)
 .glue_7t       0x0201189c        0x0 /opt/devkitPro/devkitARM/lib/gcc/arm-eabi/4.3.3/thumb/libgcc.a(_addsubsf3.o)
 .glue_7t       0x0201189c        0x0 /opt/devkitPro/devkitARM/lib/gcc/arm-eabi/4.3.3/thumb/libgcc.a(_muldivsf3.o)
 .glue_7t       0x0201189c        0x0 /opt/devkitPro/devkitARM/lib/gcc/arm-eabi/4.3.3/thumb/libgcc.a(_cmpsf2.o)
 .glue_7t       0x0201189c        0x0 /opt/devkitPro/devkitARM/lib/gcc/arm-eabi/4.3.3/thumb/libgcc.a(_fixsfsi.o)
 .glue_7t       0x0201189c        0x0 /opt/devkitPro/devkitARM/lib/gcc/arm-eabi/4.3.3/thumb/libgcc.a(_muldi3.o)
 .glue_7t       0x0201189c        0x0 /opt/devkitPro/devkitARM/lib/gcc/arm-eabi/4.3.3/../../../../arm-eabi/lib/thumb/libg.a(lib_a-bsearch.o)
 .glue_7t       0x0201189c        0x0 /opt/devkitPro/devkitARM/lib/gcc/arm-eabi/4.3.3/../../../../arm-eabi/lib/thumb/libg.a(lib_a-fclose.o)
 .glue_7t       0x0201189c        0x0 /opt/devkitPro/devkitARM/lib/gcc/arm-eabi/4.3.3/../../../../arm-eabi/lib/thumb/libg.a(lib_a-fflush.o)
 .glue_7t       0x0201189c        0x0 /opt/devkitPro/devkitARM/lib/gcc/arm-eabi/4.3.3/../../../../arm-eabi/lib/thumb/libg.a(lib_a-findfp.o)
 .glue_7t       0x0201189c        0x0 /opt/devkitPro/devkitARM/lib/gcc/arm-eabi/4.3.3/../../../../arm-eabi/lib/thumb/libg.a(lib_a-fopen.o)
 .glue_7t       0x0201189c        0x0 /opt/devkitPro/devkitARM/lib/gcc/arm-eabi/4.3.3/../../../../arm-eabi/lib/thumb/libg.a(lib_a-fread.o)
 .glue_7t       0x0201189c        0x0 /opt/devkitPro/devkitARM/lib/gcc/arm-eabi/4.3.3/../../../../arm-eabi/lib/thumb/libg.a(lib_a-freer.o)
 .glue_7t       0x0201189c        0x0 /opt/devkitPro/devkitARM/lib/gcc/arm-eabi/4.3.3/../../../../arm-eabi/lib/thumb/libg.a(lib_a-fseek.o)
 .glue_7t       0x0201189c        0x0 /opt/devkitPro/devkitARM/lib/gcc/arm-eabi/4.3.3/../../../../arm-eabi/lib/thumb/libg.a(lib_a-fwalk.o)
 .glue_7t       0x0201189c        0x0 /opt/devkitPro/devkitARM/lib/gcc/arm-eabi/4.3.3/../../../../arm-eabi/lib/thumb/libg.a(lib_a-impure.o)
 .glue_7t       0x0201189c        0x0 /opt/devkitPro/devkitARM/lib/gcc/arm-eabi/4.3.3/../../../../arm-eabi/lib/thumb/libg.a(lib_a-init.o)
 .glue_7t       0x0201189c        0x0 /opt/devkitPro/devkitARM/lib/gcc/arm-eabi/4.3.3/../../../../arm-eabi/lib/thumb/libg.a(lib_a-iprintf.o)
 .glue_7t       0x0201189c        0x0 /opt/devkitPro/devkitARM/lib/gcc/arm-eabi/4.3.3/../../../../arm-eabi/lib/thumb/libg.a(lib_a-makebuf.o)
 .glue_7t       0x0201189c        0x0 /opt/devkitPro/devkitARM/lib/gcc/arm-eabi/4.3.3/../../../../arm-eabi/lib/thumb/libg.a(lib_a-malloc.o)
 .glue_7t       0x0201189c        0x0 /opt/devkitPro/devkitARM/lib/gcc/arm-eabi/4.3.3/../../../../arm-eabi/lib/thumb/libg.a(lib_a-mallocr.o)
 .glue_7t       0x0201189c        0x0 /opt/devkitPro/devkitARM/lib/gcc/arm-eabi/4.3.3/../../../../arm-eabi/lib/thumb/libg.a(lib_a-memcpy.o)
 .glue_7t       0x0201189c        0x0 /opt/devkitPro/devkitARM/lib/gcc/arm-eabi/4.3.3/../../../../arm-eabi/lib/thumb/libg.a(lib_a-memset.o)
 .glue_7t       0x0201189c        0x0 /opt/devkitPro/devkitARM/lib/gcc/arm-eabi/4.3.3/../../../../arm-eabi/lib/thumb/libg.a(lib_a-mlock.o)
 .glue_7t       0x0201189c        0x0 /opt/devkitPro/devkitARM/lib/gcc/arm-eabi/4.3.3/../../../../arm-eabi/lib/thumb/libg.a(lib_a-printf.o)
 .glue_7t       0x0201189c        0x0 /opt/devkitPro/devkitARM/lib/gcc/arm-eabi/4.3.3/../../../../arm-eabi/lib/thumb/libg.a(lib_a-puts.o)
 .glue_7t       0x0201189c        0x0 /opt/devkitPro/devkitARM/lib/gcc/arm-eabi/4.3.3/../../../../arm-eabi/lib/thumb/libg.a(lib_a-realloc.o)
 .glue_7t       0x0201189c        0x0 /opt/devkitPro/devkitARM/lib/gcc/arm-eabi/4.3.3/../../../../arm-eabi/lib/thumb/libg.a(lib_a-reallocr.o)
 .glue_7t       0x0201189c        0x0 /opt/devkitPro/devkitARM/lib/gcc/arm-eabi/4.3.3/../../../../arm-eabi/lib/thumb/libg.a(lib_a-refill.o)
 .glue_7t       0x0201189c        0x0 /opt/devkitPro/devkitARM/lib/gcc/arm-eabi/4.3.3/../../../../arm-eabi/lib/thumb/libg.a(lib_a-setvbuf.o)
 .glue_7t       0x0201189c        0x0 /opt/devkitPro/devkitARM/lib/gcc/arm-eabi/4.3.3/../../../../arm-eabi/lib/thumb/libg.a(lib_a-siscanf.o)
 .glue_7t       0x0201189c        0x0 /opt/devkitPro/devkitARM/lib/gcc/arm-eabi/4.3.3/../../../../arm-eabi/lib/thumb/libg.a(lib_a-stdio.o)
 .glue_7t       0x0201189c        0x0 /opt/devkitPro/devkitARM/lib/gcc/arm-eabi/4.3.3/../../../../arm-eabi/lib/thumb/libg.a(lib_a-strlen.o)
 .glue_7t       0x0201189c        0x0 /opt/devkitPro/devkitARM/lib/gcc/arm-eabi/4.3.3/../../../../arm-eabi/lib/thumb/libg.a(lib_a-svfiscanf.o)
 .glue_7t       0x0201189c        0x0 /opt/devkitPro/devkitARM/lib/gcc/arm-eabi/4.3.3/../../../../arm-eabi/lib/thumb/libg.a(lib_a-ungetc.o)
 .glue_7t       0x0201189c        0x0 /opt/devkitPro/devkitARM/lib/gcc/arm-eabi/4.3.3/../../../../arm-eabi/lib/thumb/libg.a(lib_a-vfiprintf.o)
 .glue_7t       0x0201189c        0x0 /opt/devkitPro/devkitARM/lib/gcc/arm-eabi/4.3.3/../../../../arm-eabi/lib/thumb/libg.a(lib_a-vfprintf.o)
 .glue_7t       0x0201189c        0x0 /opt/devkitPro/devkitARM/lib/gcc/arm-eabi/4.3.3/../../../../arm-eabi/lib/thumb/libg.a(lib_a-wcrtomb.o)
 .glue_7t       0x0201189c        0x0 /opt/devkitPro/devkitARM/lib/gcc/arm-eabi/4.3.3/../../../../arm-eabi/lib/thumb/libg.a(lib_a-wcsrtombs.o)
 .glue_7t       0x0201189c        0x0 /opt/devkitPro/devkitARM/lib/gcc/arm-eabi/4.3.3/../../../../arm-eabi/lib/thumb/libg.a(lib_a-wctomb_r.o)
 .glue_7t       0x0201189c        0x0 /opt/devkitPro/devkitARM/lib/gcc/arm-eabi/4.3.3/../../../../arm-eabi/lib/thumb/libg.a(lib_a-wsetup.o)
 .glue_7t       0x0201189c        0x0 /opt/devkitPro/devkitARM/lib/gcc/arm-eabi/4.3.3/../../../../arm-eabi/lib/thumb/libg.a(lib_a-ctype_.o)
 .glue_7t       0x0201189c        0x0 /opt/devkitPro/devkitARM/lib/gcc/arm-eabi/4.3.3/../../../../arm-eabi/lib/thumb/libg.a(lib_a-dtoa.o)
 .glue_7t       0x0201189c        0x0 /opt/devkitPro/devkitARM/lib/gcc/arm-eabi/4.3.3/../../../../arm-eabi/lib/thumb/libg.a(lib_a-flags.o)
 .glue_7t       0x0201189c        0x0 /opt/devkitPro/devkitARM/lib/gcc/arm-eabi/4.3.3/../../../../arm-eabi/lib/thumb/libg.a(lib_a-fvwrite.o)
 .glue_7t       0x0201189c        0x0 /opt/devkitPro/devkitARM/lib/gcc/arm-eabi/4.3.3/../../../../arm-eabi/lib/thumb/libg.a(lib_a-iswspace.o)
 .glue_7t       0x0201189c        0x0 /opt/devkitPro/devkitARM/lib/gcc/arm-eabi/4.3.3/../../../../arm-eabi/lib/thumb/libg.a(lib_a-jp2uc.o)
 .glue_7t       0x0201189c        0x0 /opt/devkitPro/devkitARM/lib/gcc/arm-eabi/4.3.3/../../../../arm-eabi/lib/thumb/libg.a(lib_a-locale.o)
 .glue_7t       0x0201189c        0x0 /opt/devkitPro/devkitARM/lib/gcc/arm-eabi/4.3.3/../../../../arm-eabi/lib/thumb/libg.a(lib_a-mbrtowc.o)
 .glue_7t       0x0201189c        0x0 /opt/devkitPro/devkitARM/lib/gcc/arm-eabi/4.3.3/../../../../arm-eabi/lib/thumb/libg.a(lib_a-mbtowc_r.o)
 .glue_7t       0x0201189c        0x0 /opt/devkitPro/devkitARM/lib/gcc/arm-eabi/4.3.3/../../../../arm-eabi/lib/thumb/libg.a(lib_a-memchr.o)
 .glue_7t       0x0201189c        0x0 /opt/devkitPro/devkitARM/lib/gcc/arm-eabi/4.3.3/../../../../arm-eabi/lib/thumb/libg.a(lib_a-memmove.o)
 .glue_7t       0x0201189c        0x0 /opt/devkitPro/devkitARM/lib/gcc/arm-eabi/4.3.3/../../../../arm-eabi/lib/thumb/libg.a(lib_a-mprec.o)
 .glue_7t       0x0201189c        0x0 /opt/devkitPro/devkitARM/lib/gcc/arm-eabi/4.3.3/../../../../arm-eabi/lib/thumb/libg.a(lib_a-s_isinfd.o)
 .glue_7t       0x0201189c        0x0 /opt/devkitPro/devkitARM/lib/gcc/arm-eabi/4.3.3/../../../../arm-eabi/lib/thumb/libg.a(lib_a-s_isnand.o)
 .glue_7t       0x0201189c        0x0 /opt/devkitPro/devkitARM/lib/gcc/arm-eabi/4.3.3/../../../../arm-eabi/lib/thumb/libg.a(lib_a-sccl.o)
 .glue_7t       0x0201189c        0x0 /opt/devkitPro/devkitARM/lib/gcc/arm-eabi/4.3.3/../../../../arm-eabi/lib/thumb/libg.a(lib_a-strcmp.o)
 .glue_7t       0x0201189c        0x0 /opt/devkitPro/devkitARM/lib/gcc/arm-eabi/4.3.3/../../../../arm-eabi/lib/thumb/libg.a(lib_a-strcpy.o)
 .glue_7t       0x0201189c        0x0 /opt/devkitPro/devkitARM/lib/gcc/arm-eabi/4.3.3/../../../../arm-eabi/lib/thumb/libg.a(lib_a-strtol.o)
 .glue_7t       0x0201189c        0x0 /opt/devkitPro/devkitARM/lib/gcc/arm-eabi/4.3.3/../../../../arm-eabi/lib/thumb/libg.a(lib_a-strtoul.o)
 .glue_7t       0x0201189c        0x0 /opt/devkitPro/devkitARM/lib/gcc/arm-eabi/4.3.3/../../../../arm-eabi/lib/thumb/libg.a(lib_a-callocr.o)
 .glue_7t       0x0201189c        0x0 /opt/devkitPro/devkitARM/lib/gcc/arm-eabi/4.3.3/../../../../arm-eabi/lib/thumb/libsysbase.a(iosupport.o)
 .glue_7t       0x0201189c        0x0 /opt/devkitPro/devkitARM/lib/gcc/arm-eabi/4.3.3/../../../../arm-eabi/lib/thumb/libsysbase.a(close.o)
 .glue_7t       0x0201189c        0x0 /opt/devkitPro/devkitARM/lib/gcc/arm-eabi/4.3.3/../../../../arm-eabi/lib/thumb/libsysbase.a(fstat.o)
 .glue_7t       0x0201189c        0x0 /opt/devkitPro/devkitARM/lib/gcc/arm-eabi/4.3.3/../../../../arm-eabi/lib/thumb/libsysbase.a(isatty.o)
 .glue_7t       0x0201189c        0x0 /opt/devkitPro/devkitARM/lib/gcc/arm-eabi/4.3.3/../../../../arm-eabi/lib/thumb/libsysbase.a(lseek.o)
 .glue_7t       0x0201189c        0x0 /opt/devkitPro/devkitARM/lib/gcc/arm-eabi/4.3.3/../../../../arm-eabi/lib/thumb/libsysbase.a(open.o)
 .glue_7t       0x0201189c        0x0 /opt/devkitPro/devkitARM/lib/gcc/arm-eabi/4.3.3/../../../../arm-eabi/lib/thumb/libsysbase.a(read.o)
 .glue_7t       0x0201189c        0x0 /opt/devkitPro/devkitARM/lib/gcc/arm-eabi/4.3.3/../../../../arm-eabi/lib/thumb/libsysbase.a(sbrk.o)
 .glue_7t       0x0201189c        0x0 /opt/devkitPro/devkitARM/lib/gcc/arm-eabi/4.3.3/../../../../arm-eabi/lib/thumb/libsysbase.a(times.o)
 .glue_7t       0x0201189c        0x0 /opt/devkitPro/devkitARM/lib/gcc/arm-eabi/4.3.3/../../../../arm-eabi/lib/thumb/libsysbase.a(write.o)
 .glue_7t       0x0201189c        0x0 /opt/devkitPro/devkitARM/lib/gcc/arm-eabi/4.3.3/../../../../arm-eabi/lib/thumb/libsysbase.a(malloc_vars.o)
 .glue_7t       0x0201189c        0x0 /opt/devkitPro/devkitARM/lib/gcc/arm-eabi/4.3.3/../../../../arm-eabi/lib/thumb/libsysbase.a(build_argv.o)
 .glue_7t       0x0201189c        0x0 /opt/devkitPro/devkitARM/lib/gcc/arm-eabi/4.3.3/../../../../arm-eabi/lib/thumb/libsysbase.a(handle_manager.o)
 .glue_7t       0x0201189c        0x0 /opt/devkitPro/devkitARM/lib/gcc/arm-eabi/4.3.3/thumb/libgcc.a(_udivsi3.o)
 .glue_7t       0x0201189c        0x0 /opt/devkitPro/devkitARM/lib/gcc/arm-eabi/4.3.3/../../../../arm-eabi/lib/thumb/libg.a(lib_a-errno.o)
 .glue_7t       0x0201189c        0x0 /opt/devkitPro/devkitARM/lib/gcc/arm-eabi/4.3.3/../../../../arm-eabi/lib/thumb/libg.a(lib_a-strncmp.o)
 .glue_7t       0x0201189c        0x0 /opt/devkitPro/devkitARM/lib/gcc/arm-eabi/4.3.3/thumb/crtend.o
 .glue_7t       0x0201189c        0x0 /opt/devkitPro/devkitARM/lib/gcc/arm-eabi/4.3.3/thumb/crtn.o
                0x0201189c                . = ALIGN (0x4)

.vfp11_veneer   0x00000000        0x0
 .vfp11_veneer  0x00000000        0x0 /opt/devkitPro/devkitARM/lib/gcc/arm-eabi/4.3.3/../../../../arm-eabi/lib/thumb/ds_arm9_crt0.o
 .vfp11_veneer  0x00000000        0x0 /opt/devkitPro/devkitARM/lib/gcc/arm-eabi/4.3.3/thumb/crti.o
 .vfp11_veneer  0x00000000        0x0 /opt/devkitPro/devkitARM/lib/gcc/arm-eabi/4.3.3/thumb/crtbegin.o
 .vfp11_veneer  0x00000000        0x0 soundbank.bin.o
 .vfp11_veneer  0x00000000        0x0 BackCastle.o
 .vfp11_veneer  0x00000000        0x0 bgBoss1.o
 .vfp11_veneer  0x00000000        0x0 bgBoss2.o
 .vfp11_veneer  0x00000000        0x0 bgBoss3.o
 .vfp11_veneer  0x00000000        0x0 bgCastle1.o
 .vfp11_veneer  0x00000000        0x0 bgCastle2.o
 .vfp11_veneer  0x00000000        0x0 bgCastle3.o
 .vfp11_veneer  0x00000000        0x0 bgCastle.o
 .vfp11_veneer  0x00000000        0x0 bgCloud.o
 .vfp11_veneer  0x00000000        0x0 bgforest.o
 .vfp11_veneer  0x00000000        0x0 bgGameOver.o
 .vfp11_veneer  0x00000000        0x0 bghuge.o
 .vfp11_veneer  0x00000000        0x0 bgMenu.o
 .vfp11_veneer  0x00000000        0x0 BgOn.o
 .vfp11_veneer  0x00000000        0x0 bgSky.o
 .vfp11_veneer  0x00000000        0x0 bgvictory.o
 .vfp11_veneer  0x00000000        0x0 BossScreen.o
 .vfp11_veneer  0x00000000        0x0 Button.o
 .vfp11_veneer  0x00000000        0x0 buttonQuit.o
 .vfp11_veneer  0x00000000        0x0 buttonStart.o
 .vfp11_veneer  0x00000000        0x0 capuche1.o
 .vfp11_veneer  0x00000000        0x0 capuche2.o
 .vfp11_veneer  0x00000000        0x0 capuche3.o
 .vfp11_veneer  0x00000000        0x0 capuche4.o
 .vfp11_veneer  0x00000000        0x0 capuche_idle10.o
 .vfp11_veneer  0x00000000        0x0 capuche_idle11.o
 .vfp11_veneer  0x00000000        0x0 capuche_idle12.o
 .vfp11_veneer  0x00000000        0x0 capuche_idle13.o
 .vfp11_veneer  0x00000000        0x0 capuche_idle1.o
 .vfp11_veneer  0x00000000        0x0 capuche_idle2.o
 .vfp11_veneer  0x00000000        0x0 capuche_idle3.o
 .vfp11_veneer  0x00000000        0x0 capuche_idle4.o
 .vfp11_veneer  0x00000000        0x0 capuche_idle5.o
 .vfp11_veneer  0x00000000        0x0 capuche_idle6.o
 .vfp11_veneer  0x00000000        0x0 capuche_idle7.o
 .vfp11_veneer  0x00000000        0x0 capuche_idle8.o
 .vfp11_veneer  0x00000000        0x0 capuche_idle9.o
 .vfp11_veneer  0x00000000        0x0 capuche_jump1.o
 .vfp11_veneer  0x00000000        0x0 capuche_jump2.o
 .vfp11_veneer  0x00000000        0x0 capuche_jump3.o
 .vfp11_veneer  0x00000000        0x0 capuche_jump4.o
 .vfp11_veneer  0x00000000        0x0 capuche_walk10.o
 .vfp11_veneer  0x00000000        0x0 capuche_walk11.o
 .vfp11_veneer  0x00000000        0x0 capuche_walk12.o
 .vfp11_veneer  0x00000000        0x0 capuche_walk13.o
 .vfp11_veneer  0x00000000        0x0 capuche_walk14.o
 .vfp11_veneer  0x00000000        0x0 capuche_walk15.o
 .vfp11_veneer  0x00000000        0x0 capuche_walk16.o
 .vfp11_veneer  0x00000000        0x0 capuche_walk1.o
 .vfp11_veneer  0x00000000        0x0 capuche_walk2.o
 .vfp11_veneer  0x00000000        0x0 capuche_walk3.o
 .vfp11_veneer  0x00000000        0x0 capuche_walk4.o
 .vfp11_veneer  0x00000000        0x0 capuche_walk5.o
 .vfp11_veneer  0x00000000        0x0 capuche_walk6.o
 .vfp11_veneer  0x00000000        0x0 capuche_walk7.o
 .vfp11_veneer  0x00000000        0x0 capuche_walk8.o
 .vfp11_veneer  0x00000000        0x0 capuche_walk9.o
 .vfp11_veneer  0x00000000        0x0 CastleScreen.o
 .vfp11_veneer  0x00000000        0x0 fire_ball.o
 .vfp11_veneer  0x00000000        0x0 ForestScreen.o
 .vfp11_veneer  0x00000000        0x0 maskbg1.o
 .vfp11_veneer  0x00000000        0x0 QuitOff.o
 .vfp11_veneer  0x00000000        0x0 StartOff.o
 .vfp11_veneer  0x00000000        0x0 testC2.o
 .vfp11_veneer  0x00000000        0x0 testC.o
 .vfp11_veneer  0x00000000        0x0 main.o
 .vfp11_veneer  0x00000000        0x0 P_Audio.o
 .vfp11_veneer  0x00000000        0x0 P_controls.o
 .vfp11_veneer  0x00000000        0x0 P_GamePlay.o
 .vfp11_veneer  0x00000000        0x0 P_LevelManager.o
 .vfp11_veneer  0x00000000        0x0 P_matrix.o
 .vfp11_veneer  0x00000000        0x0 P_Physics.o
 .vfp11_veneer  0x00000000        0x0 P_SpriteAnimation.o
 .vfp11_veneer  0x00000000        0x0 P_SubScreen.o
 .vfp11_veneer  0x00000000        0x0 P_timer.o
 .vfp11_veneer  0x00000000        0x0 P_TopScreen.o
 .vfp11_veneer  0x00000000        0x0 /opt/devkitPro/libnds/lib/libnds9.a(console.o)
 .vfp11_veneer  0x00000000        0x0 /opt/devkitPro/libnds/lib/libnds9.a(initSystem.o)
 .vfp11_veneer  0x00000000        0x0 /opt/devkitPro/libnds/lib/libnds9.a(keys.o)
 .vfp11_veneer  0x00000000        0x0 /opt/devkitPro/libnds/lib/libnds9.a(sprite.o)
 .vfp11_veneer  0x00000000        0x0 /opt/devkitPro/libnds/lib/libnds9.a(sprite_alloc.o)
 .vfp11_veneer  0x00000000        0x0 /opt/devkitPro/libnds/lib/libnds9.a(system.o)
 .vfp11_veneer  0x00000000        0x0 /opt/devkitPro/libnds/lib/libnds9.a(touch.o)
 .vfp11_veneer  0x00000000        0x0 /opt/devkitPro/libnds/lib/libnds9.a(trig.o)
 .vfp11_veneer  0x00000000        0x0 /opt/devkitPro/libnds/lib/libnds9.a(video.o)
 .vfp11_veneer  0x00000000        0x0 /opt/devkitPro/libnds/lib/libnds9.a(videoGL.o)
 .vfp11_veneer  0x00000000        0x0 /opt/devkitPro/libnds/lib/libnds9.a(fifosystem.o)
 .vfp11_veneer  0x00000000        0x0 /opt/devkitPro/libnds/lib/libnds9.a(interrupts.o)
 .vfp11_veneer  0x00000000        0x0 /opt/devkitPro/libnds/lib/libnds9.a(dcache.o)
 .vfp11_veneer  0x00000000        0x0 /opt/devkitPro/libnds/lib/libnds9.a(biosCalls.o)
 .vfp11_veneer  0x00000000        0x0 /opt/devkitPro/libnds/lib/libnds9.a(debugprint.o)
 .vfp11_veneer  0x00000000        0x0 /opt/devkitPro/libnds/lib/libnds9.a(interruptDispatcher.o)
 .vfp11_veneer  0x00000000        0x0 /opt/devkitPro/libnds/lib/libnds9.a(default_font.bin.o)
 .vfp11_veneer  0x00000000        0x0 /opt/devkitPro/libnds/lib/libnds9.a(background.o)
 .vfp11_veneer  0x00000000        0x0 /opt/devkitPro/libnds/lib/libmm9.a(mm_comms.o)
 .vfp11_veneer  0x00000000        0x0 /opt/devkitPro/libnds/lib/libmm9.a(mm_main9.o)
 .vfp11_veneer  0x00000000        0x0 /opt/devkitPro/libnds/lib/libmm9.a(mm_memory.o)
 .vfp11_veneer  0x00000000        0x0 /opt/devkitPro/libnds/lib/libmm9.a(mm_soundbank.o)
 .vfp11_veneer  0x00000000        0x0 /opt/devkitPro/libnds/lib/libmm9.a(mm_flusher.o)
 .vfp11_veneer  0x00000000        0x0 /opt/devkitPro/devkitARM/lib/gcc/arm-eabi/4.3.3/../../../../arm-eabi/lib/thumb/libm.a(lib_a-s_round.o)
 .vfp11_veneer  0x00000000        0x0 /opt/devkitPro/devkitARM/lib/gcc/arm-eabi/4.3.3/thumb/libgcc.a(_divsi3.o)
 .vfp11_veneer  0x00000000        0x0 /opt/devkitPro/devkitARM/lib/gcc/arm-eabi/4.3.3/thumb/libgcc.a(_dvmd_tls.o)
 .vfp11_veneer  0x00000000        0x0 /opt/devkitPro/devkitARM/lib/gcc/arm-eabi/4.3.3/thumb/libgcc.a(_addsubdf3.o)
 .vfp11_veneer  0x00000000        0x0 /opt/devkitPro/devkitARM/lib/gcc/arm-eabi/4.3.3/thumb/libgcc.a(_muldivdf3.o)
 .vfp11_veneer  0x00000000        0x0 /opt/devkitPro/devkitARM/lib/gcc/arm-eabi/4.3.3/thumb/libgcc.a(_cmpdf2.o)
 .vfp11_veneer  0x00000000        0x0 /opt/devkitPro/devkitARM/lib/gcc/arm-eabi/4.3.3/thumb/libgcc.a(_fixdfsi.o)
 .vfp11_veneer  0x00000000        0x0 /opt/devkitPro/devkitARM/lib/gcc/arm-eabi/4.3.3/thumb/libgcc.a(_fixunsdfsi.o)
 .vfp11_veneer  0x00000000        0x0 /opt/devkitPro/devkitARM/lib/gcc/arm-eabi/4.3.3/thumb/libgcc.a(_truncdfsf2.o)
 .vfp11_veneer  0x00000000        0x0 /opt/devkitPro/devkitARM/lib/gcc/arm-eabi/4.3.3/thumb/libgcc.a(_addsubsf3.o)
 .vfp11_veneer  0x00000000        0x0 /opt/devkitPro/devkitARM/lib/gcc/arm-eabi/4.3.3/thumb/libgcc.a(_muldivsf3.o)
 .vfp11_veneer  0x00000000        0x0 /opt/devkitPro/devkitARM/lib/gcc/arm-eabi/4.3.3/thumb/libgcc.a(_cmpsf2.o)
 .vfp11_veneer  0x00000000        0x0 /opt/devkitPro/devkitARM/lib/gcc/arm-eabi/4.3.3/thumb/libgcc.a(_fixsfsi.o)
 .vfp11_veneer  0x00000000        0x0 /opt/devkitPro/devkitARM/lib/gcc/arm-eabi/4.3.3/thumb/libgcc.a(_muldi3.o)
 .vfp11_veneer  0x00000000        0x0 /opt/devkitPro/devkitARM/lib/gcc/arm-eabi/4.3.3/../../../../arm-eabi/lib/thumb/libg.a(lib_a-bsearch.o)
 .vfp11_veneer  0x00000000        0x0 /opt/devkitPro/devkitARM/lib/gcc/arm-eabi/4.3.3/../../../../arm-eabi/lib/thumb/libg.a(lib_a-fclose.o)
 .vfp11_veneer  0x00000000        0x0 /opt/devkitPro/devkitARM/lib/gcc/arm-eabi/4.3.3/../../../../arm-eabi/lib/thumb/libg.a(lib_a-fflush.o)
 .vfp11_veneer  0x00000000        0x0 /opt/devkitPro/devkitARM/lib/gcc/arm-eabi/4.3.3/../../../../arm-eabi/lib/thumb/libg.a(lib_a-findfp.o)
 .vfp11_veneer  0x00000000        0x0 /opt/devkitPro/devkitARM/lib/gcc/arm-eabi/4.3.3/../../../../arm-eabi/lib/thumb/libg.a(lib_a-fopen.o)
 .vfp11_veneer  0x00000000        0x0 /opt/devkitPro/devkitARM/lib/gcc/arm-eabi/4.3.3/../../../../arm-eabi/lib/thumb/libg.a(lib_a-fread.o)
 .vfp11_veneer  0x00000000        0x0 /opt/devkitPro/devkitARM/lib/gcc/arm-eabi/4.3.3/../../../../arm-eabi/lib/thumb/libg.a(lib_a-freer.o)
 .vfp11_veneer  0x00000000        0x0 /opt/devkitPro/devkitARM/lib/gcc/arm-eabi/4.3.3/../../../../arm-eabi/lib/thumb/libg.a(lib_a-fseek.o)
 .vfp11_veneer  0x00000000        0x0 /opt/devkitPro/devkitARM/lib/gcc/arm-eabi/4.3.3/../../../../arm-eabi/lib/thumb/libg.a(lib_a-fwalk.o)
 .vfp11_veneer  0x00000000        0x0 /opt/devkitPro/devkitARM/lib/gcc/arm-eabi/4.3.3/../../../../arm-eabi/lib/thumb/libg.a(lib_a-impure.o)
 .vfp11_veneer  0x00000000        0x0 /opt/devkitPro/devkitARM/lib/gcc/arm-eabi/4.3.3/../../../../arm-eabi/lib/thumb/libg.a(lib_a-init.o)
 .vfp11_veneer  0x00000000        0x0 /opt/devkitPro/devkitARM/lib/gcc/arm-eabi/4.3.3/../../../../arm-eabi/lib/thumb/libg.a(lib_a-iprintf.o)
 .vfp11_veneer  0x00000000        0x0 /opt/devkitPro/devkitARM/lib/gcc/arm-eabi/4.3.3/../../../../arm-eabi/lib/thumb/libg.a(lib_a-makebuf.o)
 .vfp11_veneer  0x00000000        0x0 /opt/devkitPro/devkitARM/lib/gcc/arm-eabi/4.3.3/../../../../arm-eabi/lib/thumb/libg.a(lib_a-malloc.o)
 .vfp11_veneer  0x00000000        0x0 /opt/devkitPro/devkitARM/lib/gcc/arm-eabi/4.3.3/../../../../arm-eabi/lib/thumb/libg.a(lib_a-mallocr.o)
 .vfp11_veneer  0x00000000        0x0 /opt/devkitPro/devkitARM/lib/gcc/arm-eabi/4.3.3/../../../../arm-eabi/lib/thumb/libg.a(lib_a-memcpy.o)
 .vfp11_veneer  0x00000000        0x0 /opt/devkitPro/devkitARM/lib/gcc/arm-eabi/4.3.3/../../../../arm-eabi/lib/thumb/libg.a(lib_a-memset.o)
 .vfp11_veneer  0x00000000        0x0 /opt/devkitPro/devkitARM/lib/gcc/arm-eabi/4.3.3/../../../../arm-eabi/lib/thumb/libg.a(lib_a-mlock.o)
 .vfp11_veneer  0x00000000        0x0 /opt/devkitPro/devkitARM/lib/gcc/arm-eabi/4.3.3/../../../../arm-eabi/lib/thumb/libg.a(lib_a-printf.o)
 .vfp11_veneer  0x00000000        0x0 /opt/devkitPro/devkitARM/lib/gcc/arm-eabi/4.3.3/../../../../arm-eabi/lib/thumb/libg.a(lib_a-puts.o)
 .vfp11_veneer  0x00000000        0x0 /opt/devkitPro/devkitARM/lib/gcc/arm-eabi/4.3.3/../../../../arm-eabi/lib/thumb/libg.a(lib_a-realloc.o)
 .vfp11_veneer  0x00000000        0x0 /opt/devkitPro/devkitARM/lib/gcc/arm-eabi/4.3.3/../../../../arm-eabi/lib/thumb/libg.a(lib_a-reallocr.o)
 .vfp11_veneer  0x00000000        0x0 /opt/devkitPro/devkitARM/lib/gcc/arm-eabi/4.3.3/../../../../arm-eabi/lib/thumb/libg.a(lib_a-refill.o)
 .vfp11_veneer  0x00000000        0x0 /opt/devkitPro/devkitARM/lib/gcc/arm-eabi/4.3.3/../../../../arm-eabi/lib/thumb/libg.a(lib_a-setvbuf.o)
 .vfp11_veneer  0x00000000        0x0 /opt/devkitPro/devkitARM/lib/gcc/arm-eabi/4.3.3/../../../../arm-eabi/lib/thumb/libg.a(lib_a-siscanf.o)
 .vfp11_veneer  0x00000000        0x0 /opt/devkitPro/devkitARM/lib/gcc/arm-eabi/4.3.3/../../../../arm-eabi/lib/thumb/libg.a(lib_a-stdio.o)
 .vfp11_veneer  0x00000000        0x0 /opt/devkitPro/devkitARM/lib/gcc/arm-eabi/4.3.3/../../../../arm-eabi/lib/thumb/libg.a(lib_a-strlen.o)
 .vfp11_veneer  0x00000000        0x0 /opt/devkitPro/devkitARM/lib/gcc/arm-eabi/4.3.3/../../../../arm-eabi/lib/thumb/libg.a(lib_a-svfiscanf.o)